stm32f4xx_rcc.c:213:6:RCC_DeInit	4	static
stm32f4xx_rcc.c:264:6:RCC_HSEConfig	16	static
stm32f4xx_rcc.c:288:13:RCC_WaitForHSEStartUp	16	static
stm32f4xx_rcc.c:319:6:RCC_AdjustHSICalibrationValue	24	static
stm32f4xx_rcc.c:355:6:RCC_HSICmd	16	static
stm32f4xx_rcc.c:380:6:RCC_LSEConfig	16	static
stm32f4xx_rcc.c:420:6:RCC_LSICmd	16	static
stm32f4xx_rcc.c:463:6:RCC_PLLConfig	24	static
stm32f4xx_rcc.c:486:6:RCC_PLLCmd	16	static
stm32f4xx_rcc.c:552:6:RCC_PLLI2SConfig	24	static
stm32f4xx_rcc.c:569:6:RCC_PLLI2SCmd	16	static
stm32f4xx_rcc.c:598:6:RCC_PLLSAIConfig	24	static
stm32f4xx_rcc.c:616:6:RCC_PLLSAICmd	16	static
stm32f4xx_rcc.c:634:6:RCC_ClockSecuritySystemCmd	16	static
stm32f4xx_rcc.c:659:6:RCC_MCO1Config	24	static
stm32f4xx_rcc.c:697:6:RCC_MCO2Config	24	static
stm32f4xx_rcc.c:863:6:RCC_SYSCLKConfig	24	static
stm32f4xx_rcc.c:891:9:RCC_GetSYSCLKSource	4	static
stm32f4xx_rcc.c:916:6:RCC_HCLKConfig	24	static
stm32f4xx_rcc.c:948:6:RCC_PCLK1Config	24	static
stm32f4xx_rcc.c:979:6:RCC_PCLK2Config	24	static
stm32f4xx_rcc.c:1031:6:RCC_GetClocksFreq	40	static
stm32f4xx_rcc.c:1156:6:RCC_RTCCLKConfig	24	static
stm32f4xx_rcc.c:1188:6:RCC_RTCCLKCmd	16	static
stm32f4xx_rcc.c:1205:6:RCC_BackupResetCmd	16	static
stm32f4xx_rcc.c:1222:6:RCC_I2SCLKConfig	16	static
stm32f4xx_rcc.c:1243:6:RCC_SAIPLLI2SClkDivConfig	24	static
stm32f4xx_rcc.c:1275:6:RCC_SAIPLLSAIClkDivConfig	24	static
stm32f4xx_rcc.c:1311:6:RCC_SAIBlockACLKConfig	24	static
stm32f4xx_rcc.c:1347:6:RCC_SAIBlockBCLKConfig	24	static
stm32f4xx_rcc.c:1380:6:RCC_LTDCCLKDivConfig	24	static
stm32f4xx_rcc.c:1417:6:RCC_TIMCLKPresConfig	16	static
stm32f4xx_rcc.c:1460:6:RCC_AHB1PeriphClockCmd	16	static
stm32f4xx_rcc.c:1492:6:RCC_AHB2PeriphClockCmd	16	static
stm32f4xx_rcc.c:1520:6:RCC_AHB3PeriphClockCmd	16	static
stm32f4xx_rcc.c:1572:6:RCC_APB1PeriphClockCmd	16	static
stm32f4xx_rcc.c:1617:6:RCC_APB2PeriphClockCmd	16	static
stm32f4xx_rcc.c:1659:6:RCC_AHB1PeriphResetCmd	16	static
stm32f4xx_rcc.c:1688:6:RCC_AHB2PeriphResetCmd	16	static
stm32f4xx_rcc.c:1713:6:RCC_AHB3PeriphResetCmd	16	static
stm32f4xx_rcc.c:1762:6:RCC_APB1PeriphResetCmd	16	static
stm32f4xx_rcc.c:1803:6:RCC_APB2PeriphResetCmd	16	static
stm32f4xx_rcc.c:1852:6:RCC_AHB1PeriphClockLPModeCmd	16	static
stm32f4xx_rcc.c:1884:6:RCC_AHB2PeriphClockLPModeCmd	16	static
stm32f4xx_rcc.c:1912:6:RCC_AHB3PeriphClockLPModeCmd	16	static
stm32f4xx_rcc.c:1964:6:RCC_APB1PeriphClockLPModeCmd	16	static
stm32f4xx_rcc.c:2009:6:RCC_APB2PeriphClockLPModeCmd	16	static
stm32f4xx_rcc.c:2055:6:RCC_ITConfig	16	static
stm32f4xx_rcc.c:2092:12:RCC_GetFlagStatus	32	static
stm32f4xx_rcc.c:2137:6:RCC_ClearFlag	4	static
stm32f4xx_rcc.c:2157:10:RCC_GetITStatus	24	static
stm32f4xx_rcc.c:2191:6:RCC_ClearITPendingBit	16	static
