stm32f4xx_dma2d.c:105:6:DMA2D_DeInit	8	static
stm32f4xx_dma2d.c:122:6:DMA2D_Init	32	static
stm32f4xx_dma2d.c:211:6:DMA2D_StructInit	16	static
stm32f4xx_dma2d.c:242:6:DMA2D_StartTransfer	4	static
stm32f4xx_dma2d.c:254:6:DMA2D_AbortTransfer	4	static
stm32f4xx_dma2d.c:267:6:DMA2D_Suspend	16	static
stm32f4xx_dma2d.c:292:6:DMA2D_FGConfig	40	static
stm32f4xx_dma2d.c:344:6:DMA2D_FG_StructInit	16	static
stm32f4xx_dma2d.c:389:6:DMA2D_BGConfig	40	static
stm32f4xx_dma2d.c:442:6:DMA2D_BG_StructInit	16	static
stm32f4xx_dma2d.c:485:6:DMA2D_FGStart	16	static
stm32f4xx_dma2d.c:509:6:DMA2D_BGStart	16	static
stm32f4xx_dma2d.c:532:6:DMA2D_DeadTimeConfig	24	static
stm32f4xx_dma2d.c:559:6:DMA2D_LineWatermarkConfig	16	static
stm32f4xx_dma2d.c:626:6:DMA2D_ITConfig	16	static
stm32f4xx_dma2d.c:657:12:DMA2D_GetFlagStatus	24	static
stm32f4xx_dma2d.c:691:6:DMA2D_ClearFlag	16	static
stm32f4xx_dma2d.c:712:10:DMA2D_GetITStatus	24	static
stm32f4xx_dma2d.c:752:6:DMA2D_ClearITPendingBit	16	static
