Archive member included to satisfy reference by file (symbol)

c:/program files (x86)/atollic/truestudio for stm32 9.2.0/armtools/bin/../lib/gcc/arm-atollic-eabi/6.3.1/../../../../arm-atollic-eabi/lib/armv7e-m/fpu\libm.a(lib_a-w_sqrt.o)
                              src\tm_stm32f4_ili9341.o (sqrt)
c:/program files (x86)/atollic/truestudio for stm32 9.2.0/armtools/bin/../lib/gcc/arm-atollic-eabi/6.3.1/../../../../arm-atollic-eabi/lib/armv7e-m/fpu\libm.a(lib_a-e_sqrt.o)
                              c:/program files (x86)/atollic/truestudio for stm32 9.2.0/armtools/bin/../lib/gcc/arm-atollic-eabi/6.3.1/../../../../arm-atollic-eabi/lib/armv7e-m/fpu\libm.a(lib_a-w_sqrt.o) (__ieee754_sqrt)
c:/program files (x86)/atollic/truestudio for stm32 9.2.0/armtools/bin/../lib/gcc/arm-atollic-eabi/6.3.1/../../../../arm-atollic-eabi/lib/armv7e-m/fpu\libm.a(lib_a-s_lib_ver.o)
                              c:/program files (x86)/atollic/truestudio for stm32 9.2.0/armtools/bin/../lib/gcc/arm-atollic-eabi/6.3.1/../../../../arm-atollic-eabi/lib/armv7e-m/fpu\libm.a(lib_a-w_sqrt.o) (__fdlib_version)
c:/program files (x86)/atollic/truestudio for stm32 9.2.0/armtools/bin/../lib/gcc/arm-atollic-eabi/6.3.1/../../../../arm-atollic-eabi/lib/armv7e-m/fpu\libm.a(lib_a-s_matherr.o)
                              c:/program files (x86)/atollic/truestudio for stm32 9.2.0/armtools/bin/../lib/gcc/arm-atollic-eabi/6.3.1/../../../../arm-atollic-eabi/lib/armv7e-m/fpu\libm.a(lib_a-w_sqrt.o) (matherr)
c:/program files (x86)/atollic/truestudio for stm32 9.2.0/armtools/bin/../lib/gcc/arm-atollic-eabi/6.3.1/../../../../arm-atollic-eabi/lib/armv7e-m/fpu\libc_nano.a(lib_a-errno.o)
                              c:/program files (x86)/atollic/truestudio for stm32 9.2.0/armtools/bin/../lib/gcc/arm-atollic-eabi/6.3.1/../../../../arm-atollic-eabi/lib/armv7e-m/fpu\libm.a(lib_a-w_sqrt.o) (__errno)
c:/program files (x86)/atollic/truestudio for stm32 9.2.0/armtools/bin/../lib/gcc/arm-atollic-eabi/6.3.1/../../../../arm-atollic-eabi/lib/armv7e-m/fpu\libc_nano.a(lib_a-impure.o)
                              c:/program files (x86)/atollic/truestudio for stm32 9.2.0/armtools/bin/../lib/gcc/arm-atollic-eabi/6.3.1/../../../../arm-atollic-eabi/lib/armv7e-m/fpu\libc_nano.a(lib_a-errno.o) (_impure_ptr)
c:/program files (x86)/atollic/truestudio for stm32 9.2.0/armtools/bin/../lib/gcc/arm-atollic-eabi/6.3.1/../../../../arm-atollic-eabi/lib/armv7e-m/fpu\libc_nano.a(lib_a-init.o)
                              src\startup_stm32f429x.o (__libc_init_array)
c:/program files (x86)/atollic/truestudio for stm32 9.2.0/armtools/bin/../lib/gcc/arm-atollic-eabi/6.3.1/../../../../arm-atollic-eabi/lib/armv7e-m/fpu\libc_nano.a(lib_a-strlen.o)
                              Libraries\TM\tm_stm32f4_fonts.o (strlen)
c:/program files (x86)/atollic/truestudio for stm32 9.2.0/armtools/bin/../lib/gcc/arm-atollic-eabi/6.3.1/armv7e-m/fpu\libgcc.a(_arm_addsubdf3.o)
                              src\tm_stm32f4_ili9341.o (__aeabi_dsub)
c:/program files (x86)/atollic/truestudio for stm32 9.2.0/armtools/bin/../lib/gcc/arm-atollic-eabi/6.3.1/armv7e-m/fpu\libgcc.a(_arm_muldivdf3.o)
                              c:/program files (x86)/atollic/truestudio for stm32 9.2.0/armtools/bin/../lib/gcc/arm-atollic-eabi/6.3.1/../../../../arm-atollic-eabi/lib/armv7e-m/fpu\libm.a(lib_a-e_sqrt.o) (__aeabi_dmul)
c:/program files (x86)/atollic/truestudio for stm32 9.2.0/armtools/bin/../lib/gcc/arm-atollic-eabi/6.3.1/armv7e-m/fpu\libgcc.a(_arm_cmpdf2.o)
                              c:/program files (x86)/atollic/truestudio for stm32 9.2.0/armtools/bin/../lib/gcc/arm-atollic-eabi/6.3.1/../../../../arm-atollic-eabi/lib/armv7e-m/fpu\libm.a(lib_a-w_sqrt.o) (__aeabi_dcmplt)
c:/program files (x86)/atollic/truestudio for stm32 9.2.0/armtools/bin/../lib/gcc/arm-atollic-eabi/6.3.1/armv7e-m/fpu\libgcc.a(_arm_unorddf2.o)
                              c:/program files (x86)/atollic/truestudio for stm32 9.2.0/armtools/bin/../lib/gcc/arm-atollic-eabi/6.3.1/../../../../arm-atollic-eabi/lib/armv7e-m/fpu\libm.a(lib_a-w_sqrt.o) (__aeabi_dcmpun)
c:/program files (x86)/atollic/truestudio for stm32 9.2.0/armtools/bin/../lib/gcc/arm-atollic-eabi/6.3.1/armv7e-m/fpu\libgcc.a(_arm_fixunsdfsi.o)
                              src\tm_stm32f4_ili9341.o (__aeabi_d2uiz)
c:/program files (x86)/atollic/truestudio for stm32 9.2.0/armtools/bin/../lib/gcc/arm-atollic-eabi/6.3.1/../../../../arm-atollic-eabi/lib/armv7e-m/fpu\libnosys.a(write.o)
                              src\tiny_printf.o (_write)
c:/program files (x86)/atollic/truestudio for stm32 9.2.0/armtools/bin/../lib/gcc/arm-atollic-eabi/6.3.1/../../../../arm-atollic-eabi/lib/armv7e-m/fpu\libnosys.a(errno.o)
                              c:/program files (x86)/atollic/truestudio for stm32 9.2.0/armtools/bin/../lib/gcc/arm-atollic-eabi/6.3.1/../../../../arm-atollic-eabi/lib/armv7e-m/fpu\libnosys.a(write.o) (errno)

Allocating common symbols
Common symbol       size              file

[...]
Memory Configuration

Name             Origin             Length             Attributes
FLASH            0x08000000         0x00200000         xr
RAM              0x20000000         0x00030000         xrw
MEMORY_B1        0x60000000         0x00000000         xr
CCMRAM           0x10000000         0x00010000         rw
*default*        0x00000000         0xffffffff

Linker script and memory map

LOAD c:/program files (x86)/atollic/truestudio for stm32 9.2.0/armtools/bin/../lib/gcc/arm-atollic-eabi/6.3.1/armv7e-m/fpu/crti.o
LOAD c:/program files (x86)/atollic/truestudio for stm32 9.2.0/armtools/bin/../lib/gcc/arm-atollic-eabi/6.3.1/armv7e-m/fpu/crtbegin.o
LOAD Libraries\STM32F4xx_StdPeriph_Driver\src\misc.o
LOAD Libraries\STM32F4xx_StdPeriph_Driver\src\stm32f4xx_adc.o
LOAD Libraries\STM32F4xx_StdPeriph_Driver\src\stm32f4xx_can.o
LOAD Libraries\STM32F4xx_StdPeriph_Driver\src\stm32f4xx_crc.o
LOAD Libraries\STM32F4xx_StdPeriph_Driver\src\stm32f4xx_cryp.o
LOAD Libraries\STM32F4xx_StdPeriph_Driver\src\stm32f4xx_cryp_aes.o
LOAD Libraries\STM32F4xx_StdPeriph_Driver\src\stm32f4xx_cryp_des.o
LOAD Libraries\STM32F4xx_StdPeriph_Driver\src\stm32f4xx_cryp_tdes.o
LOAD Libraries\STM32F4xx_StdPeriph_Driver\src\stm32f4xx_dac.o
LOAD Libraries\STM32F4xx_StdPeriph_Driver\src\stm32f4xx_dbgmcu.o
LOAD Libraries\STM32F4xx_StdPeriph_Driver\src\stm32f4xx_dcmi.o
LOAD Libraries\STM32F4xx_StdPeriph_Driver\src\stm32f4xx_dma.o
LOAD Libraries\STM32F4xx_StdPeriph_Driver\src\stm32f4xx_dma2d.o
LOAD Libraries\STM32F4xx_StdPeriph_Driver\src\stm32f4xx_exti.o
LOAD Libraries\STM32F4xx_StdPeriph_Driver\src\stm32f4xx_flash.o
LOAD Libraries\STM32F4xx_StdPeriph_Driver\src\stm32f4xx_fmc.o
LOAD Libraries\STM32F4xx_StdPeriph_Driver\src\stm32f4xx_gpio.o
LOAD Libraries\STM32F4xx_StdPeriph_Driver\src\stm32f4xx_hash.o
LOAD Libraries\STM32F4xx_StdPeriph_Driver\src\stm32f4xx_hash_md5.o
LOAD Libraries\STM32F4xx_StdPeriph_Driver\src\stm32f4xx_hash_sha1.o
LOAD Libraries\STM32F4xx_StdPeriph_Driver\src\stm32f4xx_i2c.o
LOAD Libraries\STM32F4xx_StdPeriph_Driver\src\stm32f4xx_iwdg.o
LOAD Libraries\STM32F4xx_StdPeriph_Driver\src\stm32f4xx_ltdc.o
LOAD Libraries\STM32F4xx_StdPeriph_Driver\src\stm32f4xx_pwr.o
LOAD Libraries\STM32F4xx_StdPeriph_Driver\src\stm32f4xx_rcc.o
LOAD Libraries\STM32F4xx_StdPeriph_Driver\src\stm32f4xx_rng.o
LOAD Libraries\STM32F4xx_StdPeriph_Driver\src\stm32f4xx_rtc.o
LOAD Libraries\STM32F4xx_StdPeriph_Driver\src\stm32f4xx_sai.o
LOAD Libraries\STM32F4xx_StdPeriph_Driver\src\stm32f4xx_sdio.o
LOAD Libraries\STM32F4xx_StdPeriph_Driver\src\stm32f4xx_spi.o
LOAD Libraries\STM32F4xx_StdPeriph_Driver\src\stm32f4xx_syscfg.o
LOAD Libraries\STM32F4xx_StdPeriph_Driver\src\stm32f4xx_tim.o
LOAD Libraries\STM32F4xx_StdPeriph_Driver\src\stm32f4xx_usart.o
LOAD Libraries\STM32F4xx_StdPeriph_Driver\src\stm32f4xx_wwdg.o
LOAD Libraries\TM\tm_stm32f4_dma.o
LOAD Libraries\TM\tm_stm32f4_fonts.o
LOAD Libraries\TM\tm_stm32f4_gpio.o
LOAD Libraries\TM\tm_stm32f4_spi.o
LOAD Libraries\TM\tm_stm32f4_spi_dma.o
LOAD Utilities\Common\fonts.o
LOAD src\main.o
LOAD src\startup_stm32f429x.o
LOAD src\stm32f4xx_it.o
LOAD src\system_stm32f4xx.o
LOAD src\tiny_printf.o
LOAD src\tm_stm32f4_ili9341.o
                0x00001000                malloc_getpagesize_P = 0x1000
START GROUP
LOAD c:/program files (x86)/atollic/truestudio for stm32 9.2.0/armtools/bin/../lib/gcc/arm-atollic-eabi/6.3.1/../../../../arm-atollic-eabi/lib/armv7e-m/fpu\libstdc++_nano.a
LOAD c:/program files (x86)/atollic/truestudio for stm32 9.2.0/armtools/bin/../lib/gcc/arm-atollic-eabi/6.3.1/../../../../arm-atollic-eabi/lib/armv7e-m/fpu\libsupc++_nano.a
END GROUP
LOAD c:/program files (x86)/atollic/truestudio for stm32 9.2.0/armtools/bin/../lib/gcc/arm-atollic-eabi/6.3.1/../../../../arm-atollic-eabi/lib/armv7e-m/fpu\libstdc++_nano.a
LOAD c:/program files (x86)/atollic/truestudio for stm32 9.2.0/armtools/bin/../lib/gcc/arm-atollic-eabi/6.3.1/../../../../arm-atollic-eabi/lib/armv7e-m/fpu\libm.a
LOAD c:/program files (x86)/atollic/truestudio for stm32 9.2.0/armtools/bin/../lib/gcc/arm-atollic-eabi/6.3.1/../../../../arm-atollic-eabi/lib/armv7e-m/fpu\libc_nano.a
START GROUP
LOAD c:/program files (x86)/atollic/truestudio for stm32 9.2.0/armtools/bin/../lib/gcc/arm-atollic-eabi/6.3.1/armv7e-m/fpu\libgcc.a
LOAD c:/program files (x86)/atollic/truestudio for stm32 9.2.0/armtools/bin/../lib/gcc/arm-atollic-eabi/6.3.1/../../../../arm-atollic-eabi/lib/armv7e-m/fpu\libc_nano.a
END GROUP
START GROUP
LOAD c:/program files (x86)/atollic/truestudio for stm32 9.2.0/armtools/bin/../lib/gcc/arm-atollic-eabi/6.3.1/armv7e-m/fpu\libgcc.a
LOAD c:/program files (x86)/atollic/truestudio for stm32 9.2.0/armtools/bin/../lib/gcc/arm-atollic-eabi/6.3.1/../../../../arm-atollic-eabi/lib/armv7e-m/fpu\libc_nano.a
LOAD c:/program files (x86)/atollic/truestudio for stm32 9.2.0/armtools/bin/../lib/gcc/arm-atollic-eabi/6.3.1/../../../../arm-atollic-eabi/lib/armv7e-m/fpu\libnosys.a
END GROUP
START GROUP
LOAD c:/program files (x86)/atollic/truestudio for stm32 9.2.0/armtools/bin/../lib/gcc/arm-atollic-eabi/6.3.1/armv7e-m/fpu\libgcc.a
LOAD c:/program files (x86)/atollic/truestudio for stm32 9.2.0/armtools/bin/../lib/gcc/arm-atollic-eabi/6.3.1/../../../../arm-atollic-eabi/lib/armv7e-m/fpu\libc_nano.a
LOAD c:/program files (x86)/atollic/truestudio for stm32 9.2.0/armtools/bin/../lib/gcc/arm-atollic-eabi/6.3.1/../../../../arm-atollic-eabi/lib/armv7e-m/fpu\libnosys.a
END GROUP
LOAD c:/program files (x86)/atollic/truestudio for stm32 9.2.0/armtools/bin/../lib/gcc/arm-atollic-eabi/6.3.1/armv7e-m/fpu/crtend.o
LOAD c:/program files (x86)/atollic/truestudio for stm32 9.2.0/armtools/bin/../lib/gcc/arm-atollic-eabi/6.3.1/armv7e-m/fpu/crtn.o
                0x20030000                _estack = 0x20030000
                0x00000000                _Min_Heap_Size = 0x0
                0x00000400                _Min_Stack_Size = 0x400

.isr_vector     0x08000000      0x1ac
                0x08000000                . = ALIGN (0x4)
 *(.isr_vector)
 .isr_vector    0x08000000      0x1ac src\startup_stm32f429x.o
                0x08000000                g_pfnVectors
                0x080001ac                . = ALIGN (0x4)

.text           0x080001ac     0x1aa4
                0x080001ac                . = ALIGN (0x4)
 *(.text)
 .text          0x080001ac       0x40 c:/program files (x86)/atollic/truestudio for stm32 9.2.0/armtools/bin/../lib/gcc/arm-atollic-eabi/6.3.1/armv7e-m/fpu/crtbegin.o
 *(.text*)
 .text.GPIO_SetBits
                0x080001ec       0x1e Libraries\STM32F4xx_StdPeriph_Driver\src\stm32f4xx_gpio.o
                0x080001ec                GPIO_SetBits
 .text.GPIO_ResetBits
                0x0800020a       0x1e Libraries\STM32F4xx_StdPeriph_Driver\src\stm32f4xx_gpio.o
                0x0800020a                GPIO_ResetBits
 .text.TM_DMA_ClearFlag
                0x08000228       0x8c Libraries\TM\tm_stm32f4_dma.o
                0x08000228                TM_DMA_ClearFlag
 .text.TM_DMA_GetFlags
                0x080002b4       0xa4 Libraries\TM\tm_stm32f4_dma.o
                0x080002b4                TM_DMA_GetFlags
 .text.TM_DMA_TransferCompleteHandler
                0x08000358       0x14 Libraries\TM\tm_stm32f4_dma.o
                0x08000358                TM_DMA_TransferCompleteHandler
 .text.TM_DMA_HalfTransferCompleteHandler
                0x0800036c       0x14 Libraries\TM\tm_stm32f4_dma.o
                0x0800036c                TM_DMA_HalfTransferCompleteHandler
 .text.TM_DMA_TransferErrorHandler
                0x08000380       0x14 Libraries\TM\tm_stm32f4_dma.o
                0x08000380                TM_DMA_TransferErrorHandler
 .text.TM_DMA_DirectModeErrorHandler
                0x08000394       0x14 Libraries\TM\tm_stm32f4_dma.o
                0x08000394                TM_DMA_DirectModeErrorHandler
 .text.TM_DMA_FIFOErrorHandler
                0x080003a8       0x14 Libraries\TM\tm_stm32f4_dma.o
                0x080003a8                TM_DMA_FIFOErrorHandler
 .text.TM_DMA_INT_ProcessInterrupt
                0x080003bc       0xb0 Libraries\TM\tm_stm32f4_dma.o
 .text.DMA1_Stream0_IRQHandler
                0x0800046c       0x14 Libraries\TM\tm_stm32f4_dma.o
                0x0800046c                DMA1_Stream0_IRQHandler
 .text.DMA1_Stream1_IRQHandler
                0x08000480       0x14 Libraries\TM\tm_stm32f4_dma.o
                0x08000480                DMA1_Stream1_IRQHandler
 .text.DMA1_Stream2_IRQHandler
                0x08000494       0x14 Libraries\TM\tm_stm32f4_dma.o
                0x08000494                DMA1_Stream2_IRQHandler
 .text.DMA1_Stream3_IRQHandler
                0x080004a8       0x14 Libraries\TM\tm_stm32f4_dma.o
                0x080004a8                DMA1_Stream3_IRQHandler
 .text.DMA1_Stream4_IRQHandler
                0x080004bc       0x14 Libraries\TM\tm_stm32f4_dma.o
                0x080004bc                DMA1_Stream4_IRQHandler
 .text.DMA1_Stream5_IRQHandler
                0x080004d0       0x14 Libraries\TM\tm_stm32f4_dma.o
                0x080004d0                DMA1_Stream5_IRQHandler
 .text.DMA1_Stream6_IRQHandler
                0x080004e4       0x14 Libraries\TM\tm_stm32f4_dma.o
                0x080004e4                DMA1_Stream6_IRQHandler
 .text.DMA1_Stream7_IRQHandler
                0x080004f8       0x14 Libraries\TM\tm_stm32f4_dma.o
                0x080004f8                DMA1_Stream7_IRQHandler
 .text.DMA2_Stream0_IRQHandler
                0x0800050c       0x14 Libraries\TM\tm_stm32f4_dma.o
                0x0800050c                DMA2_Stream0_IRQHandler
 .text.DMA2_Stream1_IRQHandler
                0x08000520       0x14 Libraries\TM\tm_stm32f4_dma.o
                0x08000520                DMA2_Stream1_IRQHandler
 .text.DMA2_Stream2_IRQHandler
                0x08000534       0x14 Libraries\TM\tm_stm32f4_dma.o
                0x08000534                DMA2_Stream2_IRQHandler
 .text.DMA2_Stream3_IRQHandler
                0x08000548       0x14 Libraries\TM\tm_stm32f4_dma.o
                0x08000548                DMA2_Stream3_IRQHandler
 .text.DMA2_Stream4_IRQHandler
                0x0800055c       0x14 Libraries\TM\tm_stm32f4_dma.o
                0x0800055c                DMA2_Stream4_IRQHandler
 .text.DMA2_Stream5_IRQHandler
                0x08000570       0x14 Libraries\TM\tm_stm32f4_dma.o
                0x08000570                DMA2_Stream5_IRQHandler
 .text.DMA2_Stream6_IRQHandler
                0x08000584       0x14 Libraries\TM\tm_stm32f4_dma.o
                0x08000584                DMA2_Stream6_IRQHandler
 .text.DMA2_Stream7_IRQHandler
                0x08000598       0x14 Libraries\TM\tm_stm32f4_dma.o
                0x08000598                DMA2_Stream7_IRQHandler
 .text.NVIC_EnableIRQ
                0x080005ac       0x34 src\main.o
 .text.NVIC_SetPriority
                0x080005e0       0x54 src\main.o
 .text._Z7InitLCDv
                0x08000634      0x164 src\main.o
                0x08000634                InitLCD()
 .text._Z7InitADCv
                0x08000798      0x204 src\main.o
                0x08000798                InitADC()
 .text._Z9InitTimerv
                0x0800099c       0x68 src\main.o
                0x0800099c                InitTimer()
 .text.TIM3_IRQHandler
                0x08000a04      0x30c src\main.o
                0x08000a04                TIM3_IRQHandler
 .text.main     0x08000d10      0x2a0 src\main.o
                0x08000d10                main
 .text.Reset_Handler
                0x08000fb0       0x50 src\startup_stm32f429x.o
                0x08000fb0                Reset_Handler
 .text.Default_Handler
                0x08001000        0x2 src\startup_stm32f429x.o
                0x08001000                RTC_Alarm_IRQHandler
                0x08001000                HASH_RNG_IRQHandler
                0x08001000                EXTI2_IRQHandler
                0x08001000                TIM8_CC_IRQHandler
                0x08001000                UART8_IRQHandler
                0x08001000                SPI4_IRQHandler
                0x08001000                TIM1_CC_IRQHandler
                0x08001000                PVD_IRQHandler
                0x08001000                SDIO_IRQHandler
                0x08001000                TAMP_STAMP_IRQHandler
                0x08001000                CAN2_RX1_IRQHandler
                0x08001000                EXTI3_IRQHandler
                0x08001000                TIM8_TRG_COM_TIM14_IRQHandler
                0x08001000                TIM1_UP_TIM10_IRQHandler
                0x08001000                TIM8_UP_TIM13_IRQHandler
                0x08001000                I2C3_ER_IRQHandler
                0x08001000                EXTI0_IRQHandler
                0x08001000                I2C2_EV_IRQHandler
                0x08001000                CAN1_RX0_IRQHandler
                0x08001000                FPU_IRQHandler
                0x08001000                OTG_HS_WKUP_IRQHandler
                0x08001000                LTDC_ER_IRQHandler
                0x08001000                CAN2_SCE_IRQHandler
                0x08001000                SPI1_IRQHandler
                0x08001000                TIM6_DAC_IRQHandler
                0x08001000                TIM1_BRK_TIM9_IRQHandler
                0x08001000                DCMI_IRQHandler
                0x08001000                CAN2_RX0_IRQHandler
                0x08001000                USART6_IRQHandler
                0x08001000                USART3_IRQHandler
                0x08001000                CRYP_IRQHandler
                0x08001000                CAN1_RX1_IRQHandler
                0x08001000                UART5_IRQHandler
                0x08001000                TIM4_IRQHandler
                0x08001000                I2C1_EV_IRQHandler
                0x08001000                UART4_IRQHandler
                0x08001000                RCC_IRQHandler
                0x08001000                TIM8_BRK_TIM12_IRQHandler
                0x08001000                Default_Handler
                0x08001000                EXTI15_10_IRQHandler
                0x08001000                ADC_IRQHandler
                0x08001000                SPI5_IRQHandler
                0x08001000                TIM7_IRQHandler
                0x08001000                CAN2_TX_IRQHandler
                0x08001000                TIM5_IRQHandler
                0x08001000                I2C3_EV_IRQHandler
                0x08001000                EXTI9_5_IRQHandler
                0x08001000                RTC_WKUP_IRQHandler
                0x08001000                LTDC_IRQHandler
                0x08001000                ETH_WKUP_IRQHandler
                0x08001000                SPI2_IRQHandler
                0x08001000                OTG_HS_EP1_IN_IRQHandler
                0x08001000                CAN1_TX_IRQHandler
                0x08001000                EXTI4_IRQHandler
                0x08001000                ETH_IRQHandler
                0x08001000                OTG_HS_EP1_OUT_IRQHandler
                0x08001000                WWDG_IRQHandler
                0x08001000                SPI6_IRQHandler
                0x08001000                TIM2_IRQHandler
                0x08001000                OTG_FS_WKUP_IRQHandler
                0x08001000                TIM1_TRG_COM_TIM11_IRQHandler
                0x08001000                OTG_HS_IRQHandler
                0x08001000                DMA2D_IRQHandler
                0x08001000                EXTI1_IRQHandler
                0x08001000                UART7_IRQHandler
                0x08001000                USART2_IRQHandler
                0x08001000                I2C2_ER_IRQHandler
                0x08001000                CAN1_SCE_IRQHandler
                0x08001000                FLASH_IRQHandler
                0x08001000                USART1_IRQHandler
                0x08001000                OTG_FS_IRQHandler
                0x08001000                SPI3_IRQHandler
                0x08001000                I2C1_ER_IRQHandler
                0x08001000                FMC_IRQHandler
                0x08001000                SAI1_IRQHandler
 .text.NMI_Handler
                0x08001002        0xe src\stm32f4xx_it.o
                0x08001002                NMI_Handler
 .text.HardFault_Handler
                0x08001010        0x6 src\stm32f4xx_it.o
                0x08001010                HardFault_Handler
 .text.MemManage_Handler
                0x08001016        0x6 src\stm32f4xx_it.o
                0x08001016                MemManage_Handler
 .text.BusFault_Handler
                0x0800101c        0x6 src\stm32f4xx_it.o
                0x0800101c                BusFault_Handler
 .text.UsageFault_Handler
                0x08001022        0x6 src\stm32f4xx_it.o
                0x08001022                UsageFault_Handler
 .text.SVC_Handler
                0x08001028        0xe src\stm32f4xx_it.o
                0x08001028                SVC_Handler
 .text.DebugMon_Handler
                0x08001036        0xe src\stm32f4xx_it.o
                0x08001036                DebugMon_Handler
 .text.PendSV_Handler
                0x08001044        0xe src\stm32f4xx_it.o
                0x08001044                PendSV_Handler
 .text.SysTick_Handler
                0x08001052        0xe src\stm32f4xx_it.o
                0x08001052                SysTick_Handler
 .text.SystemInit
                0x08001060       0x6c src\system_stm32f4xx.o
                0x08001060                SystemInit
 .text.SystemCoreClockUpdate
                0x080010cc       0xf8 src\system_stm32f4xx.o
                0x080010cc                SystemCoreClockUpdate
 .text.SetSysClock
                0x080011c4       0xf8 src\system_stm32f4xx.o
 .text._ZL11DW_SPI_Sendh
                0x080012bc       0x74 src\tm_stm32f4_ili9341.o
 .text._Z15TM_ILI9341_Initv
                0x08001330       0x50 src\tm_stm32f4_ili9341.o
                0x08001330                TM_ILI9341_Init()
 .text._Z18TM_ILI9341_InitLCDv
                0x08001380      0x278 src\tm_stm32f4_ili9341.o
                0x08001380                TM_ILI9341_InitLCD()
 .text._Z22TM_ILI9341_SendCommandh
                0x080015f8       0x3c src\tm_stm32f4_ili9341.o
                0x080015f8                TM_ILI9341_SendCommand(unsigned char)
 .text._Z19TM_ILI9341_SendDatah
                0x08001634       0x3c src\tm_stm32f4_ili9341.o
                0x08001634                TM_ILI9341_SendData(unsigned char)
 .text._Z23DW_SPI_DMA_SendHalfWordtt
                0x08001670       0xc0 src\tm_stm32f4_ili9341.o
                0x08001670                DW_SPI_DMA_SendHalfWord(unsigned short, unsigned short)
 .text._Z18DW_SPI_SetDataSize17DW_SPI_DataSize_t
                0x08001730       0x64 src\tm_stm32f4_ili9341.o
                0x08001730                DW_SPI_SetDataSize(DW_SPI_DataSize_t)
 .text._Z18DW_SPI_DMA_Workingv
                0x08001794       0x4c src\tm_stm32f4_ili9341.o
                0x08001794                DW_SPI_DMA_Working()
 .text._Z20TM_ILI9341_DrawPixelttm
                0x080017e0       0x40 src\tm_stm32f4_ili9341.o
                0x080017e0                TM_ILI9341_DrawPixel(unsigned short, unsigned short, unsigned long)
 .text._Z28TM_ILI9341_SetCursorPositiontttt
                0x08001820       0x8a src\tm_stm32f4_ili9341.o
                0x08001820                TM_ILI9341_SetCursorPosition(unsigned short, unsigned short, unsigned short, unsigned short)
 *fill*         0x080018aa        0x2 
 .text._Z15TM_ILI9341_Fillm
                0x080018ac       0x30 src\tm_stm32f4_ili9341.o
                0x080018ac                TM_ILI9341_Fill(unsigned long)
 .text._Z19TM_ILI9341_INT_Fillttttt
                0x080018dc       0xdc src\tm_stm32f4_ili9341.o
                0x080018dc                TM_ILI9341_INT_Fill(unsigned short, unsigned short, unsigned short, unsigned short, unsigned short)
 .text._Z16TM_ILI9341_Delayj
                0x080019b8       0x2c src\tm_stm32f4_ili9341.o
                0x080019b8                TM_ILI9341_Delay(unsigned int)
 .text._Z17TM_ILI9341_Rotate24TM_ILI9341_Orientation_t
                0x080019e4       0x88 src\tm_stm32f4_ili9341.o
                0x080019e4                TM_ILI9341_Rotate(TM_ILI9341_Orientation_t)
 .text._Z19TM_ILI9341_DrawLinettttm
                0x08001a6c      0x184 src\tm_stm32f4_ili9341.o
                0x08001a6c                TM_ILI9341_DrawLine(unsigned short, unsigned short, unsigned short, unsigned short, unsigned long)
 .text.__libc_init_array
                0x08001bf0       0x48 c:/program files (x86)/atollic/truestudio for stm32 9.2.0/armtools/bin/../lib/gcc/arm-atollic-eabi/6.3.1/../../../../arm-atollic-eabi/lib/armv7e-m/fpu\libc_nano.a(lib_a-init.o)
                0x08001bf0                __libc_init_array
 *(.glue_7)
 .glue_7        0x08001c38        0x0 linker stubs
 *(.glue_7t)
 .glue_7t       0x08001c38        0x0 linker stubs
 *(.eh_frame)
 .eh_frame      0x08001c38        0x0 c:/program files (x86)/atollic/truestudio for stm32 9.2.0/armtools/bin/../lib/gcc/arm-atollic-eabi/6.3.1/armv7e-m/fpu/crtbegin.o
 *(.init)
 .init          0x08001c38        0x4 c:/program files (x86)/atollic/truestudio for stm32 9.2.0/armtools/bin/../lib/gcc/arm-atollic-eabi/6.3.1/armv7e-m/fpu/crti.o
                0x08001c38                _init
 .init          0x08001c3c        0x8 c:/program files (x86)/atollic/truestudio for stm32 9.2.0/armtools/bin/../lib/gcc/arm-atollic-eabi/6.3.1/armv7e-m/fpu/crtn.o
 *(.fini)
 .fini          0x08001c44        0x4 c:/program files (x86)/atollic/truestudio for stm32 9.2.0/armtools/bin/../lib/gcc/arm-atollic-eabi/6.3.1/armv7e-m/fpu/crti.o
                0x08001c44                _fini
 .fini          0x08001c48        0x8 c:/program files (x86)/atollic/truestudio for stm32 9.2.0/armtools/bin/../lib/gcc/arm-atollic-eabi/6.3.1/armv7e-m/fpu/crtn.o
                0x08001c50                . = ALIGN (0x4)
                0x08001c50                _etext = .

.vfp11_veneer   0x08001c50        0x0
 .vfp11_veneer  0x08001c50        0x0 linker stubs

.v4_bx          0x08001c50        0x0
 .v4_bx         0x08001c50        0x0 linker stubs

.iplt           0x08001c50        0x0
 .iplt          0x08001c50        0x0 c:/program files (x86)/atollic/truestudio for stm32 9.2.0/armtools/bin/../lib/gcc/arm-atollic-eabi/6.3.1/armv7e-m/fpu/crtbegin.o

.rodata         0x08001c50        0x4
                0x08001c50                . = ALIGN (0x4)
 *(.rodata)
 *(.rodata*)
 .rodata.DMA_Flags_Bit_Pos
                0x08001c50        0x4 Libraries\TM\tm_stm32f4_dma.o
                0x08001c54                . = ALIGN (0x4)

.rel.dyn        0x08001c54        0x0
 .rel.iplt      0x08001c54        0x0 c:/program files (x86)/atollic/truestudio for stm32 9.2.0/armtools/bin/../lib/gcc/arm-atollic-eabi/6.3.1/armv7e-m/fpu/crtbegin.o

.ARM.extab
 *(.ARM.extab* .gnu.linkonce.armextab.*)

.ARM            0x08001c54        0x0
                0x08001c54                __exidx_start = .
 *(.ARM.exidx*)
                0x08001c54                __exidx_end = .

.preinit_array  0x08001c54        0x0
                0x08001c54                PROVIDE (__preinit_array_start, .)
 *(.preinit_array*)
                0x08001c54                PROVIDE (__preinit_array_end, .)

.init_array     0x08001c54        0x4
                0x08001c54                PROVIDE (__init_array_start, .)
 *(SORT(.init_array.*))
 *(.init_array*)
 .init_array    0x08001c54        0x4 c:/program files (x86)/atollic/truestudio for stm32 9.2.0/armtools/bin/../lib/gcc/arm-atollic-eabi/6.3.1/armv7e-m/fpu/crtbegin.o
                0x08001c58                PROVIDE (__init_array_end, .)

.fini_array     0x08001c58        0x4
                [!provide]                PROVIDE (__fini_array_start, .)
 *(SORT(.fini_array.*))
 *(.fini_array*)
 .fini_array    0x08001c58        0x4 c:/program files (x86)/atollic/truestudio for stm32 9.2.0/armtools/bin/../lib/gcc/arm-atollic-eabi/6.3.1/armv7e-m/fpu/crtbegin.o
                [!provide]                PROVIDE (__fini_array_end, .)
                0x08001c5c                _sidata = LOADADDR (.data)

.data           0x20000000       0x18 load address 0x08001c5c
                0x20000000                . = ALIGN (0x4)
                0x20000000                _sdata = .
 *(.data)
 *(.data*)
 .data.trigger  0x20000000        0x4 src\main.o
 .data.SystemCoreClock
                0x20000004        0x4 src\system_stm32f4xx.o
                0x20000004                SystemCoreClock
 .data.AHBPrescTable
                0x20000008       0x10 src\system_stm32f4xx.o
                0x20000008                AHBPrescTable
                0x20000018                . = ALIGN (0x4)
                0x20000018                _edata = .
                0x08001c74                _siccmram = LOADADDR (.ccmram)

.igot.plt       0x20000018        0x0 load address 0x08001c74
 .igot.plt      0x20000018        0x0 c:/program files (x86)/atollic/truestudio for stm32 9.2.0/armtools/bin/../lib/gcc/arm-atollic-eabi/6.3.1/armv7e-m/fpu/crtbegin.o

.ccmram         0x10000000        0x0 load address 0x08001c74
                0x10000000                . = ALIGN (0x4)
                0x10000000                _sccmram = .
 *(.ccmram)
 *(.ccmram*)
                0x10000000                . = ALIGN (0x4)
                0x10000000                _eccmram = .
                0x10000000                . = ALIGN (0x4)

.bss            0x20000018      0xa64
                0x20000018                _sbss = .
                0x20000018                __bss_start__ = _sbss
 *(.bss)
 .bss           0x20000018       0x1c c:/program files (x86)/atollic/truestudio for stm32 9.2.0/armtools/bin/../lib/gcc/arm-atollic-eabi/6.3.1/armv7e-m/fpu/crtbegin.o
 *(.bss*)
 .bss.ADC_array
                0x20000034       0x10 src\main.o
                0x20000034                ADC_array
 .bss.adc0      0x20000044        0x2 src\main.o
                0x20000044                adc0
 .bss.oldAdc0   0x20000046        0x2 src\main.o
                0x20000046                oldAdc0
 .bss.adc1      0x20000048        0x2 src\main.o
                0x20000048                adc1
 *fill*         0x2000004a        0x2 
 .bss.ChannelA0
                0x2000004c      0x280 src\main.o
                0x2000004c                ChannelA0
 .bss.ChannelA1
                0x200002cc      0x280 src\main.o
                0x200002cc                ChannelA1
 .bss.ChannelB0
                0x2000054c      0x280 src\main.o
                0x2000054c                ChannelB0
 .bss.ChannelB1
                0x200007cc      0x280 src\main.o
                0x200007cc                ChannelB1
 .bss.captureABuffer
                0x20000a4c        0x4 src\main.o
                0x20000a4c                captureABuffer
 .bss.captureBBuffer
                0x20000a50        0x4 src\main.o
                0x20000a50                captureBBuffer
 .bss.drawABuffer
                0x20000a54        0x4 src\main.o
                0x20000a54                drawABuffer
 .bss.drawBBuffer
                0x20000a58        0x4 src\main.o
                0x20000a58                drawBBuffer
 .bss.capturePos
                0x20000a5c        0x2 src\main.o
                0x20000a5c                capturePos
 .bss.drawPos   0x20000a5e        0x2 src\main.o
                0x20000a5e                drawPos
 .bss.prevAPixel
                0x20000a60        0x2 src\main.o
                0x20000a60                prevAPixel
 .bss.prevBPixel
                0x20000a62        0x2 src\main.o
                0x20000a62                prevBPixel
 .bss.capturing
                0x20000a64        0x1 src\main.o
                0x20000a64                capturing
 *fill*         0x20000a65        0x1 
 .bss.captureSamples
                0x20000a66        0x2 src\main.o
                0x20000a66                captureSamples
 .bss.drawing   0x20000a68        0x1 src\main.o
                0x20000a68                drawing
 .bss.captureBufferNumber
                0x20000a69        0x1 src\main.o
                0x20000a69                captureBufferNumber
 .bss.drawBufferNumber
                0x20000a6a        0x1 src\main.o
                0x20000a6a                drawBufferNumber
 *fill*         0x20000a6b        0x1 
 .bss.drawOffset
                0x20000a6c        0x4 src\main.o
                0x20000a6c                drawOffset
 .bss.ILI9341_x
                0x20000a70        0x2 src\tm_stm32f4_ili9341.o
                0x20000a70                ILI9341_x
 .bss.ILI9341_y
                0x20000a72        0x2 src\tm_stm32f4_ili9341.o
                0x20000a72                ILI9341_y
 .bss.ILI9341_Opts
                0x20000a74        0x6 src\tm_stm32f4_ili9341.o
                0x20000a74                ILI9341_Opts
 .bss.DMAint16  0x20000a7a        0x2 src\tm_stm32f4_ili9341.o
                0x20000a7a                DMAint16
 *(COMMON)
                0x20000a7c                . = ALIGN (0x4)
                0x20000a7c                _ebss = .
                0x20000a7c                __bss_end__ = _ebss

._user_heap_stack
                0x20000a7c      0x400
                0x20000a7c                . = ALIGN (0x4)
                [!provide]                PROVIDE (end, .)
                [!provide]                PROVIDE (_end, .)
                0x20000a7c                . = (. + _Min_Heap_Size)
                0x20000e7c                . = (. + _Min_Stack_Size)
 *fill*         0x20000a7c      0x400 
                0x20000e7c                . = ALIGN (0x4)

.memory_b1_text
 *(.mb1text)
 *(.mb1text*)
 *(.mb1rodata)
 *(.mb1rodata*)

/DISCARD/
 libc.a(*)
 libm.a(*)
 libgcc.a(*)

.ARM.attributes
                0x00000000       0x30
 *(.ARM.attributes)
 .ARM.attributes
                0x00000000       0x22 c:/program files (x86)/atollic/truestudio for stm32 9.2.0/armtools/bin/../lib/gcc/arm-atollic-eabi/6.3.1/armv7e-m/fpu/crti.o
 .ARM.attributes
                0x00000022       0x34 c:/program files (x86)/atollic/truestudio for stm32 9.2.0/armtools/bin/../lib/gcc/arm-atollic-eabi/6.3.1/armv7e-m/fpu/crtbegin.o
 .ARM.attributes
                0x00000056       0x39 Libraries\STM32F4xx_StdPeriph_Driver\src\stm32f4xx_gpio.o
 .ARM.attributes
                0x0000008f       0x39 Libraries\TM\tm_stm32f4_dma.o
 .ARM.attributes
                0x000000c8       0x39 src\main.o
 .ARM.attributes
                0x00000101       0x21 src\startup_stm32f429x.o
 .ARM.attributes
                0x00000122       0x39 src\stm32f4xx_it.o
 .ARM.attributes
                0x0000015b       0x39 src\system_stm32f4xx.o
 .ARM.attributes
                0x00000194       0x39 src\tm_stm32f4_ili9341.o
 .ARM.attributes
                0x000001cd       0x34 c:/program files (x86)/atollic/truestudio for stm32 9.2.0/armtools/bin/../lib/gcc/arm-atollic-eabi/6.3.1/../../../../arm-atollic-eabi/lib/armv7e-m/fpu\libc_nano.a(lib_a-init.o)
 .ARM.attributes
                0x00000201       0x22 c:/program files (x86)/atollic/truestudio for stm32 9.2.0/armtools/bin/../lib/gcc/arm-atollic-eabi/6.3.1/armv7e-m/fpu/crtn.o
OUTPUT(Oscar.elf elf32-littlearm)

.debug_info     0x00000000     0x50ca
 .debug_info    0x00000000      0x628 Libraries\STM32F4xx_StdPeriph_Driver\src\stm32f4xx_gpio.o
 .debug_info    0x00000628      0x967 Libraries\TM\tm_stm32f4_dma.o
 .debug_info    0x00000f8f     0x1ea4 src\main.o
 .debug_info    0x00002e33       0x59 src\startup_stm32f429x.o
 .debug_info    0x00002e8c      0x154 src\stm32f4xx_it.o
 .debug_info    0x00002fe0      0x5f7 src\system_stm32f4xx.o
 .debug_info    0x000035d7     0x1af3 src\tm_stm32f4_ili9341.o

.debug_abbrev   0x00000000      0xd21
 .debug_abbrev  0x00000000      0x1b8 Libraries\STM32F4xx_StdPeriph_Driver\src\stm32f4xx_gpio.o
 .debug_abbrev  0x000001b8      0x217 Libraries\TM\tm_stm32f4_dma.o
 .debug_abbrev  0x000003cf      0x38f src\main.o
 .debug_abbrev  0x0000075e       0x12 src\startup_stm32f429x.o
 .debug_abbrev  0x00000770       0x78 src\stm32f4xx_it.o
 .debug_abbrev  0x000007e8      0x158 src\system_stm32f4xx.o
 .debug_abbrev  0x00000940      0x3e1 src\tm_stm32f4_ili9341.o

.debug_aranges  0x00000000      0x378
 .debug_aranges
                0x00000000       0x88 Libraries\STM32F4xx_StdPeriph_Driver\src\stm32f4xx_gpio.o
 .debug_aranges
                0x00000088       0xf8 Libraries\TM\tm_stm32f4_dma.o
 .debug_aranges
                0x00000180       0x58 src\main.o
 .debug_aranges
                0x000001d8       0x28 src\startup_stm32f429x.o
 .debug_aranges
                0x00000200       0x60 src\stm32f4xx_it.o
 .debug_aranges
                0x00000260       0x30 src\system_stm32f4xx.o
 .debug_aranges
                0x00000290       0xe8 src\tm_stm32f4_ili9341.o

.debug_ranges   0x00000000      0x310
 .debug_ranges  0x00000000       0x78 Libraries\STM32F4xx_StdPeriph_Driver\src\stm32f4xx_gpio.o
 .debug_ranges  0x00000078       0xe8 Libraries\TM\tm_stm32f4_dma.o
 .debug_ranges  0x00000160       0x48 src\main.o
 .debug_ranges  0x000001a8       0x20 src\startup_stm32f429x.o
 .debug_ranges  0x000001c8       0x50 src\stm32f4xx_it.o
 .debug_ranges  0x00000218       0x20 src\system_stm32f4xx.o
 .debug_ranges  0x00000238       0xd8 src\tm_stm32f4_ili9341.o

.debug_line     0x00000000     0x1be5
 .debug_line    0x00000000      0x388 Libraries\STM32F4xx_StdPeriph_Driver\src\stm32f4xx_gpio.o
 .debug_line    0x00000388      0x450 Libraries\TM\tm_stm32f4_dma.o
 .debug_line    0x000007d8      0x620 src\main.o
 .debug_line    0x00000df8       0x7a src\startup_stm32f429x.o
 .debug_line    0x00000e72      0x22a src\stm32f4xx_it.o
 .debug_line    0x0000109c      0x21e src\system_stm32f4xx.o
 .debug_line    0x000012ba      0x92b src\tm_stm32f4_ili9341.o

.debug_str      0x00000000     0x2261
 .debug_str     0x00000000      0x4a7 Libraries\STM32F4xx_StdPeriph_Driver\src\stm32f4xx_gpio.o
                                0x50a (size before relaxing)
 .debug_str     0x000004a7      0x975 Libraries\TM\tm_stm32f4_dma.o
                                0xb9e (size before relaxing)
 .debug_str     0x00000e1c      0xb93 src\main.o
                               0x143d (size before relaxing)
 .debug_str     0x000019af       0xa6 src\stm32f4xx_it.o
                                0x256 (size before relaxing)
 .debug_str     0x00001a55       0x89 src\system_stm32f4xx.o
                                0x3fc (size before relaxing)
 .debug_str     0x00001ade      0x783 src\tm_stm32f4_ili9341.o
                               0x120e (size before relaxing)

.comment        0x00000000       0x7c
 .comment       0x00000000       0x7c Libraries\STM32F4xx_StdPeriph_Driver\src\stm32f4xx_gpio.o
                                 0x7d (size before relaxing)
 .comment       0x0000007c       0x7d Libraries\TM\tm_stm32f4_dma.o
 .comment       0x0000007c       0x7d src\main.o
 .comment       0x0000007c       0x7d src\stm32f4xx_it.o
 .comment       0x0000007c       0x7d src\system_stm32f4xx.o
 .comment       0x0000007c       0x7d src\tm_stm32f4_ili9341.o

.debug_frame    0x00000000      0xc90
 .debug_frame   0x00000000      0x23c Libraries\STM32F4xx_StdPeriph_Driver\src\stm32f4xx_gpio.o
 .debug_frame   0x0000023c      0x3a0 Libraries\TM\tm_stm32f4_dma.o
 .debug_frame   0x000005dc      0x12c src\main.o
 .debug_frame   0x00000708      0x110 src\stm32f4xx_it.o
 .debug_frame   0x00000818       0x7c src\system_stm32f4xx.o
 .debug_frame   0x00000894      0x3d0 src\tm_stm32f4_ili9341.o
 .debug_frame   0x00000c64       0x2c c:/program files (x86)/atollic/truestudio for stm32 9.2.0/armtools/bin/../lib/gcc/arm-atollic-eabi/6.3.1/../../../../arm-atollic-eabi/lib/armv7e-m/fpu\libc_nano.a(lib_a-init.o)

.stabstr        0x00000000       0x3f
 .stabstr       0x00000000       0x3f c:/program files (x86)/atollic/truestudio for stm32 9.2.0/armtools/bin/../lib/gcc/arm-atollic-eabi/6.3.1/../../../../arm-atollic-eabi/lib/armv7e-m/fpu\libnosys.a(write.o)

Cross Reference Table

Symbol                                            File
ADC_AnalogWatchdogCmd                             Libraries\STM32F4xx_StdPeriph_Driver\src\stm32f4xx_adc.o
ADC_AnalogWatchdogSingleChannelConfig             Libraries\STM32F4xx_StdPeriph_Driver\src\stm32f4xx_adc.o
ADC_AnalogWatchdogThresholdsConfig                Libraries\STM32F4xx_StdPeriph_Driver\src\stm32f4xx_adc.o
ADC_AutoInjectedConvCmd                           Libraries\STM32F4xx_StdPeriph_Driver\src\stm32f4xx_adc.o
ADC_ClearFlag                                     Libraries\STM32F4xx_StdPeriph_Driver\src\stm32f4xx_adc.o
ADC_ClearITPendingBit                             Libraries\STM32F4xx_StdPeriph_Driver\src\stm32f4xx_adc.o
ADC_Cmd                                           Libraries\STM32F4xx_StdPeriph_Driver\src\stm32f4xx_adc.o
ADC_CommonInit                                    Libraries\STM32F4xx_StdPeriph_Driver\src\stm32f4xx_adc.o
ADC_CommonStructInit                              Libraries\STM32F4xx_StdPeriph_Driver\src\stm32f4xx_adc.o
ADC_ContinuousModeCmd                             Libraries\STM32F4xx_StdPeriph_Driver\src\stm32f4xx_adc.o
ADC_DMACmd                                        Libraries\STM32F4xx_StdPeriph_Driver\src\stm32f4xx_adc.o
ADC_DMARequestAfterLastTransferCmd                Libraries\STM32F4xx_StdPeriph_Driver\src\stm32f4xx_adc.o
ADC_DeInit                                        Libraries\STM32F4xx_StdPeriph_Driver\src\stm32f4xx_adc.o
ADC_DiscModeChannelCountConfig                    Libraries\STM32F4xx_StdPeriph_Driver\src\stm32f4xx_adc.o
ADC_DiscModeCmd                                   Libraries\STM32F4xx_StdPeriph_Driver\src\stm32f4xx_adc.o
ADC_EOCOnEachRegularChannelCmd                    Libraries\STM32F4xx_StdPeriph_Driver\src\stm32f4xx_adc.o
ADC_ExternalTrigInjectedConvConfig                Libraries\STM32F4xx_StdPeriph_Driver\src\stm32f4xx_adc.o
ADC_ExternalTrigInjectedConvEdgeConfig            Libraries\STM32F4xx_StdPeriph_Driver\src\stm32f4xx_adc.o
ADC_GetConversionValue                            Libraries\STM32F4xx_StdPeriph_Driver\src\stm32f4xx_adc.o
ADC_GetFlagStatus                                 Libraries\STM32F4xx_StdPeriph_Driver\src\stm32f4xx_adc.o
ADC_GetITStatus                                   Libraries\STM32F4xx_StdPeriph_Driver\src\stm32f4xx_adc.o
ADC_GetInjectedConversionValue                    Libraries\STM32F4xx_StdPeriph_Driver\src\stm32f4xx_adc.o
ADC_GetMultiModeConversionValue                   Libraries\STM32F4xx_StdPeriph_Driver\src\stm32f4xx_adc.o
ADC_GetSoftwareStartConvStatus                    Libraries\STM32F4xx_StdPeriph_Driver\src\stm32f4xx_adc.o
ADC_GetSoftwareStartInjectedConvCmdStatus         Libraries\STM32F4xx_StdPeriph_Driver\src\stm32f4xx_adc.o
ADC_IRQHandler                                    src\startup_stm32f429x.o
ADC_ITConfig                                      Libraries\STM32F4xx_StdPeriph_Driver\src\stm32f4xx_adc.o
ADC_Init                                          Libraries\STM32F4xx_StdPeriph_Driver\src\stm32f4xx_adc.o
ADC_InjectedChannelConfig                         Libraries\STM32F4xx_StdPeriph_Driver\src\stm32f4xx_adc.o
ADC_InjectedDiscModeCmd                           Libraries\STM32F4xx_StdPeriph_Driver\src\stm32f4xx_adc.o
ADC_InjectedSequencerLengthConfig                 Libraries\STM32F4xx_StdPeriph_Driver\src\stm32f4xx_adc.o
ADC_MultiModeDMARequestAfterLastTransferCmd       Libraries\STM32F4xx_StdPeriph_Driver\src\stm32f4xx_adc.o
ADC_RegularChannelConfig                          Libraries\STM32F4xx_StdPeriph_Driver\src\stm32f4xx_adc.o
ADC_SetInjectedOffset                             Libraries\STM32F4xx_StdPeriph_Driver\src\stm32f4xx_adc.o
ADC_SoftwareStartConv                             Libraries\STM32F4xx_StdPeriph_Driver\src\stm32f4xx_adc.o
ADC_SoftwareStartInjectedConv                     Libraries\STM32F4xx_StdPeriph_Driver\src\stm32f4xx_adc.o
ADC_StructInit                                    Libraries\STM32F4xx_StdPeriph_Driver\src\stm32f4xx_adc.o
ADC_TempSensorVrefintCmd                          Libraries\STM32F4xx_StdPeriph_Driver\src\stm32f4xx_adc.o
ADC_VBATCmd                                       Libraries\STM32F4xx_StdPeriph_Driver\src\stm32f4xx_adc.o
ADC_array                                         src\main.o
AHBPrescTable                                     src\system_stm32f4xx.o
ASCII12x12_Table                                  Utilities\Common\fonts.o
ASCII16x24_Table                                  Utilities\Common\fonts.o
ASCII8x12_Table                                   Utilities\Common\fonts.o
ASCII8x8_Table                                    Utilities\Common\fonts.o
BusFault_Handler                                  src\stm32f4xx_it.o
                                                  src\startup_stm32f429x.o
CAN1_RX0_IRQHandler                               src\startup_stm32f429x.o
CAN1_RX1_IRQHandler                               src\startup_stm32f429x.o
CAN1_SCE_IRQHandler                               src\startup_stm32f429x.o
CAN1_TX_IRQHandler                                src\startup_stm32f429x.o
CAN2_RX0_IRQHandler                               src\startup_stm32f429x.o
CAN2_RX1_IRQHandler                               src\startup_stm32f429x.o
CAN2_SCE_IRQHandler                               src\startup_stm32f429x.o
CAN2_TX_IRQHandler                                src\startup_stm32f429x.o
CAN_CancelTransmit                                Libraries\STM32F4xx_StdPeriph_Driver\src\stm32f4xx_can.o
CAN_ClearFlag                                     Libraries\STM32F4xx_StdPeriph_Driver\src\stm32f4xx_can.o
CAN_ClearITPendingBit                             Libraries\STM32F4xx_StdPeriph_Driver\src\stm32f4xx_can.o
CAN_DBGFreeze                                     Libraries\STM32F4xx_StdPeriph_Driver\src\stm32f4xx_can.o
CAN_DeInit                                        Libraries\STM32F4xx_StdPeriph_Driver\src\stm32f4xx_can.o
CAN_FIFORelease                                   Libraries\STM32F4xx_StdPeriph_Driver\src\stm32f4xx_can.o
CAN_FilterInit                                    Libraries\STM32F4xx_StdPeriph_Driver\src\stm32f4xx_can.o
CAN_GetFlagStatus                                 Libraries\STM32F4xx_StdPeriph_Driver\src\stm32f4xx_can.o
CAN_GetITStatus                                   Libraries\STM32F4xx_StdPeriph_Driver\src\stm32f4xx_can.o
CAN_GetLSBTransmitErrorCounter                    Libraries\STM32F4xx_StdPeriph_Driver\src\stm32f4xx_can.o
CAN_GetLastErrorCode                              Libraries\STM32F4xx_StdPeriph_Driver\src\stm32f4xx_can.o
CAN_GetReceiveErrorCounter                        Libraries\STM32F4xx_StdPeriph_Driver\src\stm32f4xx_can.o
CAN_ITConfig                                      Libraries\STM32F4xx_StdPeriph_Driver\src\stm32f4xx_can.o
CAN_Init                                          Libraries\STM32F4xx_StdPeriph_Driver\src\stm32f4xx_can.o
CAN_MessagePending                                Libraries\STM32F4xx_StdPeriph_Driver\src\stm32f4xx_can.o
CAN_OperatingModeRequest                          Libraries\STM32F4xx_StdPeriph_Driver\src\stm32f4xx_can.o
CAN_Receive                                       Libraries\STM32F4xx_StdPeriph_Driver\src\stm32f4xx_can.o
CAN_SlaveStartBank                                Libraries\STM32F4xx_StdPeriph_Driver\src\stm32f4xx_can.o
CAN_Sleep                                         Libraries\STM32F4xx_StdPeriph_Driver\src\stm32f4xx_can.o
CAN_StructInit                                    Libraries\STM32F4xx_StdPeriph_Driver\src\stm32f4xx_can.o
CAN_TTComModeCmd                                  Libraries\STM32F4xx_StdPeriph_Driver\src\stm32f4xx_can.o
CAN_Transmit                                      Libraries\STM32F4xx_StdPeriph_Driver\src\stm32f4xx_can.o
CAN_TransmitStatus                                Libraries\STM32F4xx_StdPeriph_Driver\src\stm32f4xx_can.o
CAN_WakeUp                                        Libraries\STM32F4xx_StdPeriph_Driver\src\stm32f4xx_can.o
CRC_CalcBlockCRC                                  Libraries\STM32F4xx_StdPeriph_Driver\src\stm32f4xx_crc.o
CRC_CalcCRC                                       Libraries\STM32F4xx_StdPeriph_Driver\src\stm32f4xx_crc.o
CRC_GetCRC                                        Libraries\STM32F4xx_StdPeriph_Driver\src\stm32f4xx_crc.o
CRC_GetIDRegister                                 Libraries\STM32F4xx_StdPeriph_Driver\src\stm32f4xx_crc.o
CRC_ResetDR                                       Libraries\STM32F4xx_StdPeriph_Driver\src\stm32f4xx_crc.o
CRC_SetIDRegister                                 Libraries\STM32F4xx_StdPeriph_Driver\src\stm32f4xx_crc.o
CRYP_AES_CBC                                      Libraries\STM32F4xx_StdPeriph_Driver\src\stm32f4xx_cryp_aes.o
CRYP_AES_CCM                                      Libraries\STM32F4xx_StdPeriph_Driver\src\stm32f4xx_cryp_aes.o
CRYP_AES_CTR                                      Libraries\STM32F4xx_StdPeriph_Driver\src\stm32f4xx_cryp_aes.o
CRYP_AES_ECB                                      Libraries\STM32F4xx_StdPeriph_Driver\src\stm32f4xx_cryp_aes.o
CRYP_AES_GCM                                      Libraries\STM32F4xx_StdPeriph_Driver\src\stm32f4xx_cryp_aes.o
CRYP_Cmd                                          Libraries\STM32F4xx_StdPeriph_Driver\src\stm32f4xx_cryp.o
                                                  Libraries\STM32F4xx_StdPeriph_Driver\src\stm32f4xx_cryp_tdes.o
                                                  Libraries\STM32F4xx_StdPeriph_Driver\src\stm32f4xx_cryp_des.o
                                                  Libraries\STM32F4xx_StdPeriph_Driver\src\stm32f4xx_cryp_aes.o
CRYP_DES_CBC                                      Libraries\STM32F4xx_StdPeriph_Driver\src\stm32f4xx_cryp_des.o
CRYP_DES_ECB                                      Libraries\STM32F4xx_StdPeriph_Driver\src\stm32f4xx_cryp_des.o
CRYP_DMACmd                                       Libraries\STM32F4xx_StdPeriph_Driver\src\stm32f4xx_cryp.o
CRYP_DataIn                                       Libraries\STM32F4xx_StdPeriph_Driver\src\stm32f4xx_cryp.o
                                                  Libraries\STM32F4xx_StdPeriph_Driver\src\stm32f4xx_cryp_tdes.o
                                                  Libraries\STM32F4xx_StdPeriph_Driver\src\stm32f4xx_cryp_des.o
                                                  Libraries\STM32F4xx_StdPeriph_Driver\src\stm32f4xx_cryp_aes.o
CRYP_DataOut                                      Libraries\STM32F4xx_StdPeriph_Driver\src\stm32f4xx_cryp.o
                                                  Libraries\STM32F4xx_StdPeriph_Driver\src\stm32f4xx_cryp_tdes.o
                                                  Libraries\STM32F4xx_StdPeriph_Driver\src\stm32f4xx_cryp_des.o
                                                  Libraries\STM32F4xx_StdPeriph_Driver\src\stm32f4xx_cryp_aes.o
CRYP_DeInit                                       Libraries\STM32F4xx_StdPeriph_Driver\src\stm32f4xx_cryp.o
CRYP_FIFOFlush                                    Libraries\STM32F4xx_StdPeriph_Driver\src\stm32f4xx_cryp.o
                                                  Libraries\STM32F4xx_StdPeriph_Driver\src\stm32f4xx_cryp_tdes.o
                                                  Libraries\STM32F4xx_StdPeriph_Driver\src\stm32f4xx_cryp_des.o
                                                  Libraries\STM32F4xx_StdPeriph_Driver\src\stm32f4xx_cryp_aes.o
CRYP_GetCmdStatus                                 Libraries\STM32F4xx_StdPeriph_Driver\src\stm32f4xx_cryp.o
                                                  Libraries\STM32F4xx_StdPeriph_Driver\src\stm32f4xx_cryp_tdes.o
                                                  Libraries\STM32F4xx_StdPeriph_Driver\src\stm32f4xx_cryp_des.o
                                                  Libraries\STM32F4xx_StdPeriph_Driver\src\stm32f4xx_cryp_aes.o
CRYP_GetFlagStatus                                Libraries\STM32F4xx_StdPeriph_Driver\src\stm32f4xx_cryp.o
                                                  Libraries\STM32F4xx_StdPeriph_Driver\src\stm32f4xx_cryp_tdes.o
                                                  Libraries\STM32F4xx_StdPeriph_Driver\src\stm32f4xx_cryp_des.o
                                                  Libraries\STM32F4xx_StdPeriph_Driver\src\stm32f4xx_cryp_aes.o
CRYP_GetITStatus                                  Libraries\STM32F4xx_StdPeriph_Driver\src\stm32f4xx_cryp.o
CRYP_IRQHandler                                   src\startup_stm32f429x.o
CRYP_ITConfig                                     Libraries\STM32F4xx_StdPeriph_Driver\src\stm32f4xx_cryp.o
CRYP_IVInit                                       Libraries\STM32F4xx_StdPeriph_Driver\src\stm32f4xx_cryp.o
                                                  Libraries\STM32F4xx_StdPeriph_Driver\src\stm32f4xx_cryp_tdes.o
                                                  Libraries\STM32F4xx_StdPeriph_Driver\src\stm32f4xx_cryp_des.o
                                                  Libraries\STM32F4xx_StdPeriph_Driver\src\stm32f4xx_cryp_aes.o
CRYP_IVStructInit                                 Libraries\STM32F4xx_StdPeriph_Driver\src\stm32f4xx_cryp.o
CRYP_Init                                         Libraries\STM32F4xx_StdPeriph_Driver\src\stm32f4xx_cryp.o
                                                  Libraries\STM32F4xx_StdPeriph_Driver\src\stm32f4xx_cryp_tdes.o
                                                  Libraries\STM32F4xx_StdPeriph_Driver\src\stm32f4xx_cryp_des.o
                                                  Libraries\STM32F4xx_StdPeriph_Driver\src\stm32f4xx_cryp_aes.o
CRYP_KeyInit                                      Libraries\STM32F4xx_StdPeriph_Driver\src\stm32f4xx_cryp.o
                                                  Libraries\STM32F4xx_StdPeriph_Driver\src\stm32f4xx_cryp_tdes.o
                                                  Libraries\STM32F4xx_StdPeriph_Driver\src\stm32f4xx_cryp_des.o
                                                  Libraries\STM32F4xx_StdPeriph_Driver\src\stm32f4xx_cryp_aes.o
CRYP_KeyStructInit                                Libraries\STM32F4xx_StdPeriph_Driver\src\stm32f4xx_cryp.o
                                                  Libraries\STM32F4xx_StdPeriph_Driver\src\stm32f4xx_cryp_tdes.o
                                                  Libraries\STM32F4xx_StdPeriph_Driver\src\stm32f4xx_cryp_des.o
                                                  Libraries\STM32F4xx_StdPeriph_Driver\src\stm32f4xx_cryp_aes.o
CRYP_PhaseConfig                                  Libraries\STM32F4xx_StdPeriph_Driver\src\stm32f4xx_cryp.o
                                                  Libraries\STM32F4xx_StdPeriph_Driver\src\stm32f4xx_cryp_aes.o
CRYP_RestoreContext                               Libraries\STM32F4xx_StdPeriph_Driver\src\stm32f4xx_cryp.o
CRYP_SaveContext                                  Libraries\STM32F4xx_StdPeriph_Driver\src\stm32f4xx_cryp.o
CRYP_StructInit                                   Libraries\STM32F4xx_StdPeriph_Driver\src\stm32f4xx_cryp.o
CRYP_TDES_CBC                                     Libraries\STM32F4xx_StdPeriph_Driver\src\stm32f4xx_cryp_tdes.o
CRYP_TDES_ECB                                     Libraries\STM32F4xx_StdPeriph_Driver\src\stm32f4xx_cryp_tdes.o
ChannelA0                                         src\main.o
ChannelA1                                         src\main.o
ChannelB0                                         src\main.o
ChannelB1                                         src\main.o
DAC_ClearFlag                                     Libraries\STM32F4xx_StdPeriph_Driver\src\stm32f4xx_dac.o
DAC_ClearITPendingBit                             Libraries\STM32F4xx_StdPeriph_Driver\src\stm32f4xx_dac.o
DAC_Cmd                                           Libraries\STM32F4xx_StdPeriph_Driver\src\stm32f4xx_dac.o
DAC_DMACmd                                        Libraries\STM32F4xx_StdPeriph_Driver\src\stm32f4xx_dac.o
DAC_DeInit                                        Libraries\STM32F4xx_StdPeriph_Driver\src\stm32f4xx_dac.o
DAC_DualSoftwareTriggerCmd                        Libraries\STM32F4xx_StdPeriph_Driver\src\stm32f4xx_dac.o
DAC_GetDataOutputValue                            Libraries\STM32F4xx_StdPeriph_Driver\src\stm32f4xx_dac.o
DAC_GetFlagStatus                                 Libraries\STM32F4xx_StdPeriph_Driver\src\stm32f4xx_dac.o
DAC_GetITStatus                                   Libraries\STM32F4xx_StdPeriph_Driver\src\stm32f4xx_dac.o
DAC_ITConfig                                      Libraries\STM32F4xx_StdPeriph_Driver\src\stm32f4xx_dac.o
DAC_Init                                          Libraries\STM32F4xx_StdPeriph_Driver\src\stm32f4xx_dac.o
DAC_SetChannel1Data                               Libraries\STM32F4xx_StdPeriph_Driver\src\stm32f4xx_dac.o
DAC_SetChannel2Data                               Libraries\STM32F4xx_StdPeriph_Driver\src\stm32f4xx_dac.o
DAC_SetDualChannelData                            Libraries\STM32F4xx_StdPeriph_Driver\src\stm32f4xx_dac.o
DAC_SoftwareTriggerCmd                            Libraries\STM32F4xx_StdPeriph_Driver\src\stm32f4xx_dac.o
DAC_StructInit                                    Libraries\STM32F4xx_StdPeriph_Driver\src\stm32f4xx_dac.o
DAC_WaveGenerationCmd                             Libraries\STM32F4xx_StdPeriph_Driver\src\stm32f4xx_dac.o
DBGMCU_APB1PeriphConfig                           Libraries\STM32F4xx_StdPeriph_Driver\src\stm32f4xx_dbgmcu.o
DBGMCU_APB2PeriphConfig                           Libraries\STM32F4xx_StdPeriph_Driver\src\stm32f4xx_dbgmcu.o
DBGMCU_Config                                     Libraries\STM32F4xx_StdPeriph_Driver\src\stm32f4xx_dbgmcu.o
DBGMCU_GetDEVID                                   Libraries\STM32F4xx_StdPeriph_Driver\src\stm32f4xx_dbgmcu.o
DBGMCU_GetREVID                                   Libraries\STM32F4xx_StdPeriph_Driver\src\stm32f4xx_dbgmcu.o
DCMI_CROPCmd                                      Libraries\STM32F4xx_StdPeriph_Driver\src\stm32f4xx_dcmi.o
DCMI_CROPConfig                                   Libraries\STM32F4xx_StdPeriph_Driver\src\stm32f4xx_dcmi.o
DCMI_CaptureCmd                                   Libraries\STM32F4xx_StdPeriph_Driver\src\stm32f4xx_dcmi.o
DCMI_ClearFlag                                    Libraries\STM32F4xx_StdPeriph_Driver\src\stm32f4xx_dcmi.o
DCMI_ClearITPendingBit                            Libraries\STM32F4xx_StdPeriph_Driver\src\stm32f4xx_dcmi.o
DCMI_Cmd                                          Libraries\STM32F4xx_StdPeriph_Driver\src\stm32f4xx_dcmi.o
DCMI_DeInit                                       Libraries\STM32F4xx_StdPeriph_Driver\src\stm32f4xx_dcmi.o
DCMI_GetFlagStatus                                Libraries\STM32F4xx_StdPeriph_Driver\src\stm32f4xx_dcmi.o
DCMI_GetITStatus                                  Libraries\STM32F4xx_StdPeriph_Driver\src\stm32f4xx_dcmi.o
DCMI_IRQHandler                                   src\startup_stm32f429x.o
DCMI_ITConfig                                     Libraries\STM32F4xx_StdPeriph_Driver\src\stm32f4xx_dcmi.o
DCMI_Init                                         Libraries\STM32F4xx_StdPeriph_Driver\src\stm32f4xx_dcmi.o
DCMI_JPEGCmd                                      Libraries\STM32F4xx_StdPeriph_Driver\src\stm32f4xx_dcmi.o
DCMI_ReadData                                     Libraries\STM32F4xx_StdPeriph_Driver\src\stm32f4xx_dcmi.o
DCMI_SetEmbeddedSynchroCodes                      Libraries\STM32F4xx_StdPeriph_Driver\src\stm32f4xx_dcmi.o
DCMI_StructInit                                   Libraries\STM32F4xx_StdPeriph_Driver\src\stm32f4xx_dcmi.o
DMA1_Stream0_IRQHandler                           Libraries\TM\tm_stm32f4_dma.o
DMA1_Stream1_IRQHandler                           Libraries\TM\tm_stm32f4_dma.o
DMA1_Stream2_IRQHandler                           Libraries\TM\tm_stm32f4_dma.o
DMA1_Stream3_IRQHandler                           Libraries\TM\tm_stm32f4_dma.o
DMA1_Stream4_IRQHandler                           Libraries\TM\tm_stm32f4_dma.o
DMA1_Stream5_IRQHandler                           Libraries\TM\tm_stm32f4_dma.o
DMA1_Stream6_IRQHandler                           Libraries\TM\tm_stm32f4_dma.o
DMA1_Stream7_IRQHandler                           Libraries\TM\tm_stm32f4_dma.o
DMA2D_AbortTransfer                               Libraries\STM32F4xx_StdPeriph_Driver\src\stm32f4xx_dma2d.o
DMA2D_BGConfig                                    Libraries\STM32F4xx_StdPeriph_Driver\src\stm32f4xx_dma2d.o
DMA2D_BGStart                                     Libraries\STM32F4xx_StdPeriph_Driver\src\stm32f4xx_dma2d.o
DMA2D_BG_StructInit                               Libraries\STM32F4xx_StdPeriph_Driver\src\stm32f4xx_dma2d.o
DMA2D_ClearFlag                                   Libraries\STM32F4xx_StdPeriph_Driver\src\stm32f4xx_dma2d.o
DMA2D_ClearITPendingBit                           Libraries\STM32F4xx_StdPeriph_Driver\src\stm32f4xx_dma2d.o
DMA2D_DeInit                                      Libraries\STM32F4xx_StdPeriph_Driver\src\stm32f4xx_dma2d.o
DMA2D_DeadTimeConfig                              Libraries\STM32F4xx_StdPeriph_Driver\src\stm32f4xx_dma2d.o
DMA2D_FGConfig                                    Libraries\STM32F4xx_StdPeriph_Driver\src\stm32f4xx_dma2d.o
DMA2D_FGStart                                     Libraries\STM32F4xx_StdPeriph_Driver\src\stm32f4xx_dma2d.o
DMA2D_FG_StructInit                               Libraries\STM32F4xx_StdPeriph_Driver\src\stm32f4xx_dma2d.o
DMA2D_GetFlagStatus                               Libraries\STM32F4xx_StdPeriph_Driver\src\stm32f4xx_dma2d.o
DMA2D_GetITStatus                                 Libraries\STM32F4xx_StdPeriph_Driver\src\stm32f4xx_dma2d.o
DMA2D_IRQHandler                                  src\startup_stm32f429x.o
DMA2D_ITConfig                                    Libraries\STM32F4xx_StdPeriph_Driver\src\stm32f4xx_dma2d.o
DMA2D_Init                                        Libraries\STM32F4xx_StdPeriph_Driver\src\stm32f4xx_dma2d.o
DMA2D_LineWatermarkConfig                         Libraries\STM32F4xx_StdPeriph_Driver\src\stm32f4xx_dma2d.o
DMA2D_StartTransfer                               Libraries\STM32F4xx_StdPeriph_Driver\src\stm32f4xx_dma2d.o
DMA2D_StructInit                                  Libraries\STM32F4xx_StdPeriph_Driver\src\stm32f4xx_dma2d.o
DMA2D_Suspend                                     Libraries\STM32F4xx_StdPeriph_Driver\src\stm32f4xx_dma2d.o
DMA2_Stream0_IRQHandler                           Libraries\TM\tm_stm32f4_dma.o
DMA2_Stream1_IRQHandler                           Libraries\TM\tm_stm32f4_dma.o
DMA2_Stream2_IRQHandler                           Libraries\TM\tm_stm32f4_dma.o
DMA2_Stream3_IRQHandler                           Libraries\TM\tm_stm32f4_dma.o
DMA2_Stream4_IRQHandler                           Libraries\TM\tm_stm32f4_dma.o
DMA2_Stream5_IRQHandler                           Libraries\TM\tm_stm32f4_dma.o
DMA2_Stream6_IRQHandler                           Libraries\TM\tm_stm32f4_dma.o
DMA2_Stream7_IRQHandler                           Libraries\TM\tm_stm32f4_dma.o
DMA_ClearFlag                                     Libraries\STM32F4xx_StdPeriph_Driver\src\stm32f4xx_dma.o
DMA_ClearITPendingBit                             Libraries\STM32F4xx_StdPeriph_Driver\src\stm32f4xx_dma.o
DMA_Cmd                                           Libraries\STM32F4xx_StdPeriph_Driver\src\stm32f4xx_dma.o
DMA_DeInit                                        Libraries\STM32F4xx_StdPeriph_Driver\src\stm32f4xx_dma.o
                                                  Libraries\TM\tm_stm32f4_spi_dma.o
DMA_DoubleBufferModeCmd                           Libraries\STM32F4xx_StdPeriph_Driver\src\stm32f4xx_dma.o
DMA_DoubleBufferModeConfig                        Libraries\STM32F4xx_StdPeriph_Driver\src\stm32f4xx_dma.o
DMA_FlowControllerConfig                          Libraries\STM32F4xx_StdPeriph_Driver\src\stm32f4xx_dma.o
DMA_GetCmdStatus                                  Libraries\STM32F4xx_StdPeriph_Driver\src\stm32f4xx_dma.o
DMA_GetCurrDataCounter                            Libraries\STM32F4xx_StdPeriph_Driver\src\stm32f4xx_dma.o
DMA_GetCurrentMemoryTarget                        Libraries\STM32F4xx_StdPeriph_Driver\src\stm32f4xx_dma.o
DMA_GetFIFOStatus                                 Libraries\STM32F4xx_StdPeriph_Driver\src\stm32f4xx_dma.o
DMA_GetFlagStatus                                 Libraries\STM32F4xx_StdPeriph_Driver\src\stm32f4xx_dma.o
DMA_GetITStatus                                   Libraries\STM32F4xx_StdPeriph_Driver\src\stm32f4xx_dma.o
DMA_ITConfig                                      Libraries\STM32F4xx_StdPeriph_Driver\src\stm32f4xx_dma.o
DMA_Init                                          Libraries\STM32F4xx_StdPeriph_Driver\src\stm32f4xx_dma.o
                                                  Libraries\TM\tm_stm32f4_spi_dma.o
DMA_MemoryTargetConfig                            Libraries\STM32F4xx_StdPeriph_Driver\src\stm32f4xx_dma.o
DMA_PeriphIncOffsetSizeConfig                     Libraries\STM32F4xx_StdPeriph_Driver\src\stm32f4xx_dma.o
DMA_SetCurrDataCounter                            Libraries\STM32F4xx_StdPeriph_Driver\src\stm32f4xx_dma.o
DMA_StructInit                                    Libraries\STM32F4xx_StdPeriph_Driver\src\stm32f4xx_dma.o
DMAint16                                          src\tm_stm32f4_ili9341.o
DW_Pattern_Fill(unsigned short, unsigned short)   src\tm_stm32f4_ili9341.o
DW_SPI_DMA_SendHalfWord(unsigned short, unsigned short) src\tm_stm32f4_ili9341.o
DW_SPI_DMA_Working()                              src\tm_stm32f4_ili9341.o
DW_SPI_SetDataSize(DW_SPI_DataSize_t)             src\tm_stm32f4_ili9341.o
DebugMon_Handler                                  src\stm32f4xx_it.o
                                                  src\startup_stm32f429x.o
Default_Handler                                   src\startup_stm32f429x.o
ETH_IRQHandler                                    src\startup_stm32f429x.o
ETH_WKUP_IRQHandler                               src\startup_stm32f429x.o
EXTI0_IRQHandler                                  src\startup_stm32f429x.o
EXTI15_10_IRQHandler                              src\startup_stm32f429x.o
EXTI1_IRQHandler                                  src\startup_stm32f429x.o
EXTI2_IRQHandler                                  src\startup_stm32f429x.o
EXTI3_IRQHandler                                  src\startup_stm32f429x.o
EXTI4_IRQHandler                                  src\startup_stm32f429x.o
EXTI9_5_IRQHandler                                src\startup_stm32f429x.o
EXTI_ClearFlag                                    Libraries\STM32F4xx_StdPeriph_Driver\src\stm32f4xx_exti.o
EXTI_ClearITPendingBit                            Libraries\STM32F4xx_StdPeriph_Driver\src\stm32f4xx_exti.o
EXTI_DeInit                                       Libraries\STM32F4xx_StdPeriph_Driver\src\stm32f4xx_exti.o
EXTI_GenerateSWInterrupt                          Libraries\STM32F4xx_StdPeriph_Driver\src\stm32f4xx_exti.o
EXTI_GetFlagStatus                                Libraries\STM32F4xx_StdPeriph_Driver\src\stm32f4xx_exti.o
EXTI_GetITStatus                                  Libraries\STM32F4xx_StdPeriph_Driver\src\stm32f4xx_exti.o
EXTI_Init                                         Libraries\STM32F4xx_StdPeriph_Driver\src\stm32f4xx_exti.o
EXTI_StructInit                                   Libraries\STM32F4xx_StdPeriph_Driver\src\stm32f4xx_exti.o
FLASH_ClearFlag                                   Libraries\STM32F4xx_StdPeriph_Driver\src\stm32f4xx_flash.o
FLASH_DataCacheCmd                                Libraries\STM32F4xx_StdPeriph_Driver\src\stm32f4xx_flash.o
FLASH_DataCacheReset                              Libraries\STM32F4xx_StdPeriph_Driver\src\stm32f4xx_flash.o
FLASH_EraseAllBank1Sectors                        Libraries\STM32F4xx_StdPeriph_Driver\src\stm32f4xx_flash.o
FLASH_EraseAllBank2Sectors                        Libraries\STM32F4xx_StdPeriph_Driver\src\stm32f4xx_flash.o
FLASH_EraseAllSectors                             Libraries\STM32F4xx_StdPeriph_Driver\src\stm32f4xx_flash.o
FLASH_EraseSector                                 Libraries\STM32F4xx_StdPeriph_Driver\src\stm32f4xx_flash.o
FLASH_GetFlagStatus                               Libraries\STM32F4xx_StdPeriph_Driver\src\stm32f4xx_flash.o
FLASH_GetStatus                                   Libraries\STM32F4xx_StdPeriph_Driver\src\stm32f4xx_flash.o
FLASH_IRQHandler                                  src\startup_stm32f429x.o
FLASH_ITConfig                                    Libraries\STM32F4xx_StdPeriph_Driver\src\stm32f4xx_flash.o
FLASH_InstructionCacheCmd                         Libraries\STM32F4xx_StdPeriph_Driver\src\stm32f4xx_flash.o
FLASH_InstructionCacheReset                       Libraries\STM32F4xx_StdPeriph_Driver\src\stm32f4xx_flash.o
FLASH_Lock                                        Libraries\STM32F4xx_StdPeriph_Driver\src\stm32f4xx_flash.o
FLASH_OB_BORConfig                                Libraries\STM32F4xx_StdPeriph_Driver\src\stm32f4xx_flash.o
FLASH_OB_BootConfig                               Libraries\STM32F4xx_StdPeriph_Driver\src\stm32f4xx_flash.o
FLASH_OB_GetBOR                                   Libraries\STM32F4xx_StdPeriph_Driver\src\stm32f4xx_flash.o
FLASH_OB_GetPCROP                                 Libraries\STM32F4xx_StdPeriph_Driver\src\stm32f4xx_flash.o
FLASH_OB_GetPCROP1                                Libraries\STM32F4xx_StdPeriph_Driver\src\stm32f4xx_flash.o
FLASH_OB_GetRDP                                   Libraries\STM32F4xx_StdPeriph_Driver\src\stm32f4xx_flash.o
FLASH_OB_GetUser                                  Libraries\STM32F4xx_StdPeriph_Driver\src\stm32f4xx_flash.o
FLASH_OB_GetWRP                                   Libraries\STM32F4xx_StdPeriph_Driver\src\stm32f4xx_flash.o
FLASH_OB_GetWRP1                                  Libraries\STM32F4xx_StdPeriph_Driver\src\stm32f4xx_flash.o
FLASH_OB_Launch                                   Libraries\STM32F4xx_StdPeriph_Driver\src\stm32f4xx_flash.o
FLASH_OB_Lock                                     Libraries\STM32F4xx_StdPeriph_Driver\src\stm32f4xx_flash.o
FLASH_OB_PCROP1Config                             Libraries\STM32F4xx_StdPeriph_Driver\src\stm32f4xx_flash.o
FLASH_OB_PCROPConfig                              Libraries\STM32F4xx_StdPeriph_Driver\src\stm32f4xx_flash.o
FLASH_OB_PCROPSelectionConfig                     Libraries\STM32F4xx_StdPeriph_Driver\src\stm32f4xx_flash.o
FLASH_OB_RDPConfig                                Libraries\STM32F4xx_StdPeriph_Driver\src\stm32f4xx_flash.o
FLASH_OB_Unlock                                   Libraries\STM32F4xx_StdPeriph_Driver\src\stm32f4xx_flash.o
FLASH_OB_UserConfig                               Libraries\STM32F4xx_StdPeriph_Driver\src\stm32f4xx_flash.o
FLASH_OB_WRP1Config                               Libraries\STM32F4xx_StdPeriph_Driver\src\stm32f4xx_flash.o
FLASH_OB_WRPConfig                                Libraries\STM32F4xx_StdPeriph_Driver\src\stm32f4xx_flash.o
FLASH_PrefetchBufferCmd                           Libraries\STM32F4xx_StdPeriph_Driver\src\stm32f4xx_flash.o
FLASH_ProgramByte                                 Libraries\STM32F4xx_StdPeriph_Driver\src\stm32f4xx_flash.o
FLASH_ProgramDoubleWord                           Libraries\STM32F4xx_StdPeriph_Driver\src\stm32f4xx_flash.o
FLASH_ProgramHalfWord                             Libraries\STM32F4xx_StdPeriph_Driver\src\stm32f4xx_flash.o
FLASH_ProgramWord                                 Libraries\STM32F4xx_StdPeriph_Driver\src\stm32f4xx_flash.o
FLASH_SetLatency                                  Libraries\STM32F4xx_StdPeriph_Driver\src\stm32f4xx_flash.o
FLASH_Unlock                                      Libraries\STM32F4xx_StdPeriph_Driver\src\stm32f4xx_flash.o
FLASH_WaitForLastOperation                        Libraries\STM32F4xx_StdPeriph_Driver\src\stm32f4xx_flash.o
FMC_ClearFlag                                     Libraries\STM32F4xx_StdPeriph_Driver\src\stm32f4xx_fmc.o
FMC_ClearITPendingBit                             Libraries\STM32F4xx_StdPeriph_Driver\src\stm32f4xx_fmc.o
FMC_GetECC                                        Libraries\STM32F4xx_StdPeriph_Driver\src\stm32f4xx_fmc.o
FMC_GetFlagStatus                                 Libraries\STM32F4xx_StdPeriph_Driver\src\stm32f4xx_fmc.o
FMC_GetITStatus                                   Libraries\STM32F4xx_StdPeriph_Driver\src\stm32f4xx_fmc.o
FMC_GetModeStatus                                 Libraries\STM32F4xx_StdPeriph_Driver\src\stm32f4xx_fmc.o
FMC_IRQHandler                                    src\startup_stm32f429x.o
FMC_ITConfig                                      Libraries\STM32F4xx_StdPeriph_Driver\src\stm32f4xx_fmc.o
FMC_NANDCmd                                       Libraries\STM32F4xx_StdPeriph_Driver\src\stm32f4xx_fmc.o
FMC_NANDDeInit                                    Libraries\STM32F4xx_StdPeriph_Driver\src\stm32f4xx_fmc.o
FMC_NANDECCCmd                                    Libraries\STM32F4xx_StdPeriph_Driver\src\stm32f4xx_fmc.o
FMC_NANDInit                                      Libraries\STM32F4xx_StdPeriph_Driver\src\stm32f4xx_fmc.o
FMC_NANDStructInit                                Libraries\STM32F4xx_StdPeriph_Driver\src\stm32f4xx_fmc.o
FMC_NORSRAMCmd                                    Libraries\STM32F4xx_StdPeriph_Driver\src\stm32f4xx_fmc.o
FMC_NORSRAMDeInit                                 Libraries\STM32F4xx_StdPeriph_Driver\src\stm32f4xx_fmc.o
FMC_NORSRAMInit                                   Libraries\STM32F4xx_StdPeriph_Driver\src\stm32f4xx_fmc.o
FMC_NORSRAMStructInit                             Libraries\STM32F4xx_StdPeriph_Driver\src\stm32f4xx_fmc.o
FMC_PCCARDCmd                                     Libraries\STM32F4xx_StdPeriph_Driver\src\stm32f4xx_fmc.o
FMC_PCCARDDeInit                                  Libraries\STM32F4xx_StdPeriph_Driver\src\stm32f4xx_fmc.o
FMC_PCCARDInit                                    Libraries\STM32F4xx_StdPeriph_Driver\src\stm32f4xx_fmc.o
FMC_PCCARDStructInit                              Libraries\STM32F4xx_StdPeriph_Driver\src\stm32f4xx_fmc.o
FMC_SDRAMCmdConfig                                Libraries\STM32F4xx_StdPeriph_Driver\src\stm32f4xx_fmc.o
FMC_SDRAMDeInit                                   Libraries\STM32F4xx_StdPeriph_Driver\src\stm32f4xx_fmc.o
FMC_SDRAMInit                                     Libraries\STM32F4xx_StdPeriph_Driver\src\stm32f4xx_fmc.o
FMC_SDRAMStructInit                               Libraries\STM32F4xx_StdPeriph_Driver\src\stm32f4xx_fmc.o
FMC_SDRAMWriteProtectionConfig                    Libraries\STM32F4xx_StdPeriph_Driver\src\stm32f4xx_fmc.o
FMC_SetAutoRefresh_Number                         Libraries\STM32F4xx_StdPeriph_Driver\src\stm32f4xx_fmc.o
FMC_SetRefreshCount                               Libraries\STM32F4xx_StdPeriph_Driver\src\stm32f4xx_fmc.o
FPU_IRQHandler                                    src\startup_stm32f429x.o
Font12x12                                         Utilities\Common\fonts.o
Font16x24                                         Utilities\Common\fonts.o
Font8x12                                          Utilities\Common\fonts.o
Font8x8                                           Utilities\Common\fonts.o
GPIO_DeInit                                       Libraries\STM32F4xx_StdPeriph_Driver\src\stm32f4xx_gpio.o
GPIO_Init                                         Libraries\STM32F4xx_StdPeriph_Driver\src\stm32f4xx_gpio.o
GPIO_PinAFConfig                                  Libraries\STM32F4xx_StdPeriph_Driver\src\stm32f4xx_gpio.o
GPIO_PinLockConfig                                Libraries\STM32F4xx_StdPeriph_Driver\src\stm32f4xx_gpio.o
GPIO_ReadInputData                                Libraries\STM32F4xx_StdPeriph_Driver\src\stm32f4xx_gpio.o
GPIO_ReadInputDataBit                             Libraries\STM32F4xx_StdPeriph_Driver\src\stm32f4xx_gpio.o
GPIO_ReadOutputData                               Libraries\STM32F4xx_StdPeriph_Driver\src\stm32f4xx_gpio.o
GPIO_ReadOutputDataBit                            Libraries\STM32F4xx_StdPeriph_Driver\src\stm32f4xx_gpio.o
GPIO_ResetBits                                    Libraries\STM32F4xx_StdPeriph_Driver\src\stm32f4xx_gpio.o
                                                  src\tm_stm32f4_ili9341.o
GPIO_SetBits                                      Libraries\STM32F4xx_StdPeriph_Driver\src\stm32f4xx_gpio.o
                                                  src\tm_stm32f4_ili9341.o
GPIO_StructInit                                   Libraries\STM32F4xx_StdPeriph_Driver\src\stm32f4xx_gpio.o
GPIO_ToggleBits                                   Libraries\STM32F4xx_StdPeriph_Driver\src\stm32f4xx_gpio.o
GPIO_Write                                        Libraries\STM32F4xx_StdPeriph_Driver\src\stm32f4xx_gpio.o
GPIO_WriteBit                                     Libraries\STM32F4xx_StdPeriph_Driver\src\stm32f4xx_gpio.o
HASH_AutoStartDigest                              Libraries\STM32F4xx_StdPeriph_Driver\src\stm32f4xx_hash.o
HASH_ClearFlag                                    Libraries\STM32F4xx_StdPeriph_Driver\src\stm32f4xx_hash.o
HASH_ClearITPendingBit                            Libraries\STM32F4xx_StdPeriph_Driver\src\stm32f4xx_hash.o
HASH_DMACmd                                       Libraries\STM32F4xx_StdPeriph_Driver\src\stm32f4xx_hash.o
HASH_DataIn                                       Libraries\STM32F4xx_StdPeriph_Driver\src\stm32f4xx_hash.o
                                                  Libraries\STM32F4xx_StdPeriph_Driver\src\stm32f4xx_hash_sha1.o
                                                  Libraries\STM32F4xx_StdPeriph_Driver\src\stm32f4xx_hash_md5.o
HASH_DeInit                                       Libraries\STM32F4xx_StdPeriph_Driver\src\stm32f4xx_hash.o
                                                  Libraries\STM32F4xx_StdPeriph_Driver\src\stm32f4xx_hash_sha1.o
                                                  Libraries\STM32F4xx_StdPeriph_Driver\src\stm32f4xx_hash_md5.o
HASH_GetDigest                                    Libraries\STM32F4xx_StdPeriph_Driver\src\stm32f4xx_hash.o
                                                  Libraries\STM32F4xx_StdPeriph_Driver\src\stm32f4xx_hash_sha1.o
                                                  Libraries\STM32F4xx_StdPeriph_Driver\src\stm32f4xx_hash_md5.o
HASH_GetFlagStatus                                Libraries\STM32F4xx_StdPeriph_Driver\src\stm32f4xx_hash.o
                                                  Libraries\STM32F4xx_StdPeriph_Driver\src\stm32f4xx_hash_sha1.o
                                                  Libraries\STM32F4xx_StdPeriph_Driver\src\stm32f4xx_hash_md5.o
HASH_GetITStatus                                  Libraries\STM32F4xx_StdPeriph_Driver\src\stm32f4xx_hash.o
HASH_GetInFIFOWordsNbr                            Libraries\STM32F4xx_StdPeriph_Driver\src\stm32f4xx_hash.o
HASH_ITConfig                                     Libraries\STM32F4xx_StdPeriph_Driver\src\stm32f4xx_hash.o
HASH_Init                                         Libraries\STM32F4xx_StdPeriph_Driver\src\stm32f4xx_hash.o
                                                  Libraries\STM32F4xx_StdPeriph_Driver\src\stm32f4xx_hash_sha1.o
                                                  Libraries\STM32F4xx_StdPeriph_Driver\src\stm32f4xx_hash_md5.o
HASH_MD5                                          Libraries\STM32F4xx_StdPeriph_Driver\src\stm32f4xx_hash_md5.o
HASH_RNG_IRQHandler                               src\startup_stm32f429x.o
HASH_Reset                                        Libraries\STM32F4xx_StdPeriph_Driver\src\stm32f4xx_hash.o
HASH_RestoreContext                               Libraries\STM32F4xx_StdPeriph_Driver\src\stm32f4xx_hash.o
HASH_SHA1                                         Libraries\STM32F4xx_StdPeriph_Driver\src\stm32f4xx_hash_sha1.o
HASH_SaveContext                                  Libraries\STM32F4xx_StdPeriph_Driver\src\stm32f4xx_hash.o
HASH_SetLastWordValidBitsNbr                      Libraries\STM32F4xx_StdPeriph_Driver\src\stm32f4xx_hash.o
                                                  Libraries\STM32F4xx_StdPeriph_Driver\src\stm32f4xx_hash_sha1.o
                                                  Libraries\STM32F4xx_StdPeriph_Driver\src\stm32f4xx_hash_md5.o
HASH_StartDigest                                  Libraries\STM32F4xx_StdPeriph_Driver\src\stm32f4xx_hash.o
                                                  Libraries\STM32F4xx_StdPeriph_Driver\src\stm32f4xx_hash_sha1.o
                                                  Libraries\STM32F4xx_StdPeriph_Driver\src\stm32f4xx_hash_md5.o
HASH_StructInit                                   Libraries\STM32F4xx_StdPeriph_Driver\src\stm32f4xx_hash.o
HMAC_MD5                                          Libraries\STM32F4xx_StdPeriph_Driver\src\stm32f4xx_hash_md5.o
HMAC_SHA1                                         Libraries\STM32F4xx_StdPeriph_Driver\src\stm32f4xx_hash_sha1.o
HardFault_Handler                                 src\stm32f4xx_it.o
                                                  src\startup_stm32f429x.o
I2C1_ER_IRQHandler                                src\startup_stm32f429x.o
I2C1_EV_IRQHandler                                src\startup_stm32f429x.o
I2C2_ER_IRQHandler                                src\startup_stm32f429x.o
I2C2_EV_IRQHandler                                src\startup_stm32f429x.o
I2C3_ER_IRQHandler                                src\startup_stm32f429x.o
I2C3_EV_IRQHandler                                src\startup_stm32f429x.o
I2C_ARPCmd                                        Libraries\STM32F4xx_StdPeriph_Driver\src\stm32f4xx_i2c.o
I2C_AcknowledgeConfig                             Libraries\STM32F4xx_StdPeriph_Driver\src\stm32f4xx_i2c.o
I2C_AnalogFilterCmd                               Libraries\STM32F4xx_StdPeriph_Driver\src\stm32f4xx_i2c.o
I2C_CalculatePEC                                  Libraries\STM32F4xx_StdPeriph_Driver\src\stm32f4xx_i2c.o
I2C_CheckEvent                                    Libraries\STM32F4xx_StdPeriph_Driver\src\stm32f4xx_i2c.o
I2C_ClearFlag                                     Libraries\STM32F4xx_StdPeriph_Driver\src\stm32f4xx_i2c.o
I2C_ClearITPendingBit                             Libraries\STM32F4xx_StdPeriph_Driver\src\stm32f4xx_i2c.o
I2C_Cmd                                           Libraries\STM32F4xx_StdPeriph_Driver\src\stm32f4xx_i2c.o
I2C_DMACmd                                        Libraries\STM32F4xx_StdPeriph_Driver\src\stm32f4xx_i2c.o
I2C_DMALastTransferCmd                            Libraries\STM32F4xx_StdPeriph_Driver\src\stm32f4xx_i2c.o
I2C_DeInit                                        Libraries\STM32F4xx_StdPeriph_Driver\src\stm32f4xx_i2c.o
I2C_DigitalFilterConfig                           Libraries\STM32F4xx_StdPeriph_Driver\src\stm32f4xx_i2c.o
I2C_DualAddressCmd                                Libraries\STM32F4xx_StdPeriph_Driver\src\stm32f4xx_i2c.o
I2C_FastModeDutyCycleConfig                       Libraries\STM32F4xx_StdPeriph_Driver\src\stm32f4xx_i2c.o
I2C_GeneralCallCmd                                Libraries\STM32F4xx_StdPeriph_Driver\src\stm32f4xx_i2c.o
I2C_GenerateSTART                                 Libraries\STM32F4xx_StdPeriph_Driver\src\stm32f4xx_i2c.o
I2C_GenerateSTOP                                  Libraries\STM32F4xx_StdPeriph_Driver\src\stm32f4xx_i2c.o
I2C_GetFlagStatus                                 Libraries\STM32F4xx_StdPeriph_Driver\src\stm32f4xx_i2c.o
I2C_GetITStatus                                   Libraries\STM32F4xx_StdPeriph_Driver\src\stm32f4xx_i2c.o
I2C_GetLastEvent                                  Libraries\STM32F4xx_StdPeriph_Driver\src\stm32f4xx_i2c.o
I2C_GetPEC                                        Libraries\STM32F4xx_StdPeriph_Driver\src\stm32f4xx_i2c.o
I2C_ITConfig                                      Libraries\STM32F4xx_StdPeriph_Driver\src\stm32f4xx_i2c.o
I2C_Init                                          Libraries\STM32F4xx_StdPeriph_Driver\src\stm32f4xx_i2c.o
I2C_NACKPositionConfig                            Libraries\STM32F4xx_StdPeriph_Driver\src\stm32f4xx_i2c.o
I2C_OwnAddress2Config                             Libraries\STM32F4xx_StdPeriph_Driver\src\stm32f4xx_i2c.o
I2C_PECPositionConfig                             Libraries\STM32F4xx_StdPeriph_Driver\src\stm32f4xx_i2c.o
I2C_ReadRegister                                  Libraries\STM32F4xx_StdPeriph_Driver\src\stm32f4xx_i2c.o
I2C_ReceiveData                                   Libraries\STM32F4xx_StdPeriph_Driver\src\stm32f4xx_i2c.o
I2C_SMBusAlertConfig                              Libraries\STM32F4xx_StdPeriph_Driver\src\stm32f4xx_i2c.o
I2C_Send7bitAddress                               Libraries\STM32F4xx_StdPeriph_Driver\src\stm32f4xx_i2c.o
I2C_SendData                                      Libraries\STM32F4xx_StdPeriph_Driver\src\stm32f4xx_i2c.o
I2C_SoftwareResetCmd                              Libraries\STM32F4xx_StdPeriph_Driver\src\stm32f4xx_i2c.o
I2C_StretchClockCmd                               Libraries\STM32F4xx_StdPeriph_Driver\src\stm32f4xx_i2c.o
I2C_StructInit                                    Libraries\STM32F4xx_StdPeriph_Driver\src\stm32f4xx_i2c.o
I2C_TransmitPEC                                   Libraries\STM32F4xx_StdPeriph_Driver\src\stm32f4xx_i2c.o
I2S_Cmd                                           Libraries\STM32F4xx_StdPeriph_Driver\src\stm32f4xx_spi.o
I2S_FullDuplexConfig                              Libraries\STM32F4xx_StdPeriph_Driver\src\stm32f4xx_spi.o
I2S_Init                                          Libraries\STM32F4xx_StdPeriph_Driver\src\stm32f4xx_spi.o
I2S_StructInit                                    Libraries\STM32F4xx_StdPeriph_Driver\src\stm32f4xx_spi.o
ILI9341_INT_CalledFromPuts                        src\tm_stm32f4_ili9341.o
ILI9341_Opts                                      src\tm_stm32f4_ili9341.o
ILI9341_x                                         src\tm_stm32f4_ili9341.o
ILI9341_y                                         src\tm_stm32f4_ili9341.o
IWDG_Enable                                       Libraries\STM32F4xx_StdPeriph_Driver\src\stm32f4xx_iwdg.o
IWDG_GetFlagStatus                                Libraries\STM32F4xx_StdPeriph_Driver\src\stm32f4xx_iwdg.o
IWDG_ReloadCounter                                Libraries\STM32F4xx_StdPeriph_Driver\src\stm32f4xx_iwdg.o
IWDG_SetPrescaler                                 Libraries\STM32F4xx_StdPeriph_Driver\src\stm32f4xx_iwdg.o
IWDG_SetReload                                    Libraries\STM32F4xx_StdPeriph_Driver\src\stm32f4xx_iwdg.o
IWDG_WriteAccessCmd                               Libraries\STM32F4xx_StdPeriph_Driver\src\stm32f4xx_iwdg.o
InitADC()                                         src\main.o
InitLCD()                                         src\main.o
InitTimer()                                       src\main.o
LTDC_CLUTCmd                                      Libraries\STM32F4xx_StdPeriph_Driver\src\stm32f4xx_ltdc.o
LTDC_CLUTInit                                     Libraries\STM32F4xx_StdPeriph_Driver\src\stm32f4xx_ltdc.o
LTDC_CLUTStructInit                               Libraries\STM32F4xx_StdPeriph_Driver\src\stm32f4xx_ltdc.o
LTDC_ClearFlag                                    Libraries\STM32F4xx_StdPeriph_Driver\src\stm32f4xx_ltdc.o
LTDC_ClearITPendingBit                            Libraries\STM32F4xx_StdPeriph_Driver\src\stm32f4xx_ltdc.o
LTDC_Cmd                                          Libraries\STM32F4xx_StdPeriph_Driver\src\stm32f4xx_ltdc.o
LTDC_ColorKeyingConfig                            Libraries\STM32F4xx_StdPeriph_Driver\src\stm32f4xx_ltdc.o
LTDC_ColorKeyingStructInit                        Libraries\STM32F4xx_StdPeriph_Driver\src\stm32f4xx_ltdc.o
LTDC_DeInit                                       Libraries\STM32F4xx_StdPeriph_Driver\src\stm32f4xx_ltdc.o
LTDC_DitherCmd                                    Libraries\STM32F4xx_StdPeriph_Driver\src\stm32f4xx_ltdc.o
LTDC_ER_IRQHandler                                src\startup_stm32f429x.o
LTDC_GetCDStatus                                  Libraries\STM32F4xx_StdPeriph_Driver\src\stm32f4xx_ltdc.o
LTDC_GetFlagStatus                                Libraries\STM32F4xx_StdPeriph_Driver\src\stm32f4xx_ltdc.o
LTDC_GetITStatus                                  Libraries\STM32F4xx_StdPeriph_Driver\src\stm32f4xx_ltdc.o
LTDC_GetPosStatus                                 Libraries\STM32F4xx_StdPeriph_Driver\src\stm32f4xx_ltdc.o
LTDC_GetRGBWidth                                  Libraries\STM32F4xx_StdPeriph_Driver\src\stm32f4xx_ltdc.o
LTDC_IRQHandler                                   src\startup_stm32f429x.o
LTDC_ITConfig                                     Libraries\STM32F4xx_StdPeriph_Driver\src\stm32f4xx_ltdc.o
LTDC_Init                                         Libraries\STM32F4xx_StdPeriph_Driver\src\stm32f4xx_ltdc.o
LTDC_LIPConfig                                    Libraries\STM32F4xx_StdPeriph_Driver\src\stm32f4xx_ltdc.o
LTDC_LayerAddress                                 Libraries\STM32F4xx_StdPeriph_Driver\src\stm32f4xx_ltdc.o
LTDC_LayerAlpha                                   Libraries\STM32F4xx_StdPeriph_Driver\src\stm32f4xx_ltdc.o
LTDC_LayerCmd                                     Libraries\STM32F4xx_StdPeriph_Driver\src\stm32f4xx_ltdc.o
LTDC_LayerInit                                    Libraries\STM32F4xx_StdPeriph_Driver\src\stm32f4xx_ltdc.o
LTDC_LayerPixelFormat                             Libraries\STM32F4xx_StdPeriph_Driver\src\stm32f4xx_ltdc.o
LTDC_LayerPosition                                Libraries\STM32F4xx_StdPeriph_Driver\src\stm32f4xx_ltdc.o
LTDC_LayerSize                                    Libraries\STM32F4xx_StdPeriph_Driver\src\stm32f4xx_ltdc.o
LTDC_LayerStructInit                              Libraries\STM32F4xx_StdPeriph_Driver\src\stm32f4xx_ltdc.o
LTDC_PosStructInit                                Libraries\STM32F4xx_StdPeriph_Driver\src\stm32f4xx_ltdc.o
LTDC_RGBStructInit                                Libraries\STM32F4xx_StdPeriph_Driver\src\stm32f4xx_ltdc.o
LTDC_ReloadConfig                                 Libraries\STM32F4xx_StdPeriph_Driver\src\stm32f4xx_ltdc.o
LTDC_StructInit                                   Libraries\STM32F4xx_StdPeriph_Driver\src\stm32f4xx_ltdc.o
MemManage_Handler                                 src\stm32f4xx_it.o
                                                  src\startup_stm32f429x.o
NMI_Handler                                       src\stm32f4xx_it.o
                                                  src\startup_stm32f429x.o
NVIC_Init                                         Libraries\STM32F4xx_StdPeriph_Driver\src\misc.o
                                                  Libraries\TM\tm_stm32f4_dma.o
NVIC_PriorityGroupConfig                          Libraries\STM32F4xx_StdPeriph_Driver\src\misc.o
NVIC_SetVectorTable                               Libraries\STM32F4xx_StdPeriph_Driver\src\misc.o
NVIC_SystemLPConfig                               Libraries\STM32F4xx_StdPeriph_Driver\src\misc.o
OTG_FS_IRQHandler                                 src\startup_stm32f429x.o
OTG_FS_WKUP_IRQHandler                            src\startup_stm32f429x.o
OTG_HS_EP1_IN_IRQHandler                          src\startup_stm32f429x.o
OTG_HS_EP1_OUT_IRQHandler                         src\startup_stm32f429x.o
OTG_HS_IRQHandler                                 src\startup_stm32f429x.o
OTG_HS_WKUP_IRQHandler                            src\startup_stm32f429x.o
PVD_IRQHandler                                    src\startup_stm32f429x.o
PWR_BackupAccessCmd                               Libraries\STM32F4xx_StdPeriph_Driver\src\stm32f4xx_pwr.o
PWR_BackupRegulatorCmd                            Libraries\STM32F4xx_StdPeriph_Driver\src\stm32f4xx_pwr.o
PWR_ClearFlag                                     Libraries\STM32F4xx_StdPeriph_Driver\src\stm32f4xx_pwr.o
PWR_DeInit                                        Libraries\STM32F4xx_StdPeriph_Driver\src\stm32f4xx_pwr.o
PWR_EnterSTANDBYMode                              Libraries\STM32F4xx_StdPeriph_Driver\src\stm32f4xx_pwr.o
PWR_EnterSTOPMode                                 Libraries\STM32F4xx_StdPeriph_Driver\src\stm32f4xx_pwr.o
PWR_FlashPowerDownCmd                             Libraries\STM32F4xx_StdPeriph_Driver\src\stm32f4xx_pwr.o
PWR_GetFlagStatus                                 Libraries\STM32F4xx_StdPeriph_Driver\src\stm32f4xx_pwr.o
PWR_MainRegulatorModeConfig                       Libraries\STM32F4xx_StdPeriph_Driver\src\stm32f4xx_pwr.o
PWR_PVDCmd                                        Libraries\STM32F4xx_StdPeriph_Driver\src\stm32f4xx_pwr.o
PWR_PVDLevelConfig                                Libraries\STM32F4xx_StdPeriph_Driver\src\stm32f4xx_pwr.o
PWR_UnderDriveCmd                                 Libraries\STM32F4xx_StdPeriph_Driver\src\stm32f4xx_pwr.o
PWR_WakeUpPinCmd                                  Libraries\STM32F4xx_StdPeriph_Driver\src\stm32f4xx_pwr.o
PendSV_Handler                                    src\stm32f4xx_it.o
                                                  src\startup_stm32f429x.o
PixelData                                         src\tm_stm32f4_ili9341.o
RCC_AHB1PeriphClockCmd                            Libraries\STM32F4xx_StdPeriph_Driver\src\stm32f4xx_rcc.o
RCC_AHB1PeriphClockLPModeCmd                      Libraries\STM32F4xx_StdPeriph_Driver\src\stm32f4xx_rcc.o
RCC_AHB1PeriphResetCmd                            Libraries\STM32F4xx_StdPeriph_Driver\src\stm32f4xx_rcc.o
                                                  Libraries\STM32F4xx_StdPeriph_Driver\src\stm32f4xx_gpio.o
                                                  Libraries\STM32F4xx_StdPeriph_Driver\src\stm32f4xx_dma2d.o
RCC_AHB2PeriphClockCmd                            Libraries\STM32F4xx_StdPeriph_Driver\src\stm32f4xx_rcc.o
RCC_AHB2PeriphClockLPModeCmd                      Libraries\STM32F4xx_StdPeriph_Driver\src\stm32f4xx_rcc.o
RCC_AHB2PeriphResetCmd                            Libraries\STM32F4xx_StdPeriph_Driver\src\stm32f4xx_rcc.o
                                                  Libraries\STM32F4xx_StdPeriph_Driver\src\stm32f4xx_rng.o
                                                  Libraries\STM32F4xx_StdPeriph_Driver\src\stm32f4xx_hash.o
                                                  Libraries\STM32F4xx_StdPeriph_Driver\src\stm32f4xx_cryp.o
RCC_AHB3PeriphClockCmd                            Libraries\STM32F4xx_StdPeriph_Driver\src\stm32f4xx_rcc.o
RCC_AHB3PeriphClockLPModeCmd                      Libraries\STM32F4xx_StdPeriph_Driver\src\stm32f4xx_rcc.o
RCC_AHB3PeriphResetCmd                            Libraries\STM32F4xx_StdPeriph_Driver\src\stm32f4xx_rcc.o
RCC_APB1PeriphClockCmd                            Libraries\STM32F4xx_StdPeriph_Driver\src\stm32f4xx_rcc.o
RCC_APB1PeriphClockLPModeCmd                      Libraries\STM32F4xx_StdPeriph_Driver\src\stm32f4xx_rcc.o
RCC_APB1PeriphResetCmd                            Libraries\STM32F4xx_StdPeriph_Driver\src\stm32f4xx_rcc.o
                                                  Libraries\STM32F4xx_StdPeriph_Driver\src\stm32f4xx_wwdg.o
                                                  Libraries\STM32F4xx_StdPeriph_Driver\src\stm32f4xx_usart.o
                                                  Libraries\STM32F4xx_StdPeriph_Driver\src\stm32f4xx_tim.o
                                                  Libraries\STM32F4xx_StdPeriph_Driver\src\stm32f4xx_spi.o
                                                  Libraries\STM32F4xx_StdPeriph_Driver\src\stm32f4xx_pwr.o
                                                  Libraries\STM32F4xx_StdPeriph_Driver\src\stm32f4xx_i2c.o
                                                  Libraries\STM32F4xx_StdPeriph_Driver\src\stm32f4xx_dac.o
                                                  Libraries\STM32F4xx_StdPeriph_Driver\src\stm32f4xx_can.o
RCC_APB2PeriphClockCmd                            Libraries\STM32F4xx_StdPeriph_Driver\src\stm32f4xx_rcc.o
RCC_APB2PeriphClockLPModeCmd                      Libraries\STM32F4xx_StdPeriph_Driver\src\stm32f4xx_rcc.o
RCC_APB2PeriphResetCmd                            Libraries\STM32F4xx_StdPeriph_Driver\src\stm32f4xx_rcc.o
                                                  Libraries\STM32F4xx_StdPeriph_Driver\src\stm32f4xx_usart.o
                                                  Libraries\STM32F4xx_StdPeriph_Driver\src\stm32f4xx_tim.o
                                                  Libraries\STM32F4xx_StdPeriph_Driver\src\stm32f4xx_syscfg.o
                                                  Libraries\STM32F4xx_StdPeriph_Driver\src\stm32f4xx_spi.o
                                                  Libraries\STM32F4xx_StdPeriph_Driver\src\stm32f4xx_sdio.o
                                                  Libraries\STM32F4xx_StdPeriph_Driver\src\stm32f4xx_sai.o
                                                  Libraries\STM32F4xx_StdPeriph_Driver\src\stm32f4xx_ltdc.o
                                                  Libraries\STM32F4xx_StdPeriph_Driver\src\stm32f4xx_adc.o
RCC_AdjustHSICalibrationValue                     Libraries\STM32F4xx_StdPeriph_Driver\src\stm32f4xx_rcc.o
RCC_BackupResetCmd                                Libraries\STM32F4xx_StdPeriph_Driver\src\stm32f4xx_rcc.o
RCC_ClearFlag                                     Libraries\STM32F4xx_StdPeriph_Driver\src\stm32f4xx_rcc.o
RCC_ClearITPendingBit                             Libraries\STM32F4xx_StdPeriph_Driver\src\stm32f4xx_rcc.o
RCC_ClockSecuritySystemCmd                        Libraries\STM32F4xx_StdPeriph_Driver\src\stm32f4xx_rcc.o
RCC_DeInit                                        Libraries\STM32F4xx_StdPeriph_Driver\src\stm32f4xx_rcc.o
RCC_GetClocksFreq                                 Libraries\STM32F4xx_StdPeriph_Driver\src\stm32f4xx_rcc.o
                                                  Libraries\TM\tm_stm32f4_spi.o
                                                  Libraries\STM32F4xx_StdPeriph_Driver\src\stm32f4xx_usart.o
                                                  Libraries\STM32F4xx_StdPeriph_Driver\src\stm32f4xx_i2c.o
RCC_GetFlagStatus                                 Libraries\STM32F4xx_StdPeriph_Driver\src\stm32f4xx_rcc.o
RCC_GetITStatus                                   Libraries\STM32F4xx_StdPeriph_Driver\src\stm32f4xx_rcc.o
RCC_GetSYSCLKSource                               Libraries\STM32F4xx_StdPeriph_Driver\src\stm32f4xx_rcc.o
RCC_HCLKConfig                                    Libraries\STM32F4xx_StdPeriph_Driver\src\stm32f4xx_rcc.o
RCC_HSEConfig                                     Libraries\STM32F4xx_StdPeriph_Driver\src\stm32f4xx_rcc.o
RCC_HSICmd                                        Libraries\STM32F4xx_StdPeriph_Driver\src\stm32f4xx_rcc.o
RCC_I2SCLKConfig                                  Libraries\STM32F4xx_StdPeriph_Driver\src\stm32f4xx_rcc.o
RCC_IRQHandler                                    src\startup_stm32f429x.o
RCC_ITConfig                                      Libraries\STM32F4xx_StdPeriph_Driver\src\stm32f4xx_rcc.o