tm_stm32f4_spi.h:454:25:TM_SPI_Send	16	static
tm_stm32f4_ili9341.c:94:6:TM_ILI9341_Init	16	static
tm_stm32f4_ili9341.c:126:6:TM_ILI9341_InitLCD	8	static
tm_stm32f4_ili9341.c:237:6:TM_ILI9341_DisplayOn	8	static
tm_stm32f4_ili9341.c:241:6:TM_ILI9341_DisplayOff	8	static
tm_stm32f4_ili9341.c:245:6:TM_ILI9341_SendCommand	16	static
tm_stm32f4_ili9341.c:252:6:TM_ILI9341_SendData	16	static
tm_stm32f4_ili9341.c:259:6:TM_ILI9341_DrawPixel	16	static
tm_stm32f4_ili9341.c:268:6:TM_ILI9341_SetCursorPosition	24	static
tm_stm32f4_ili9341.c:282:6:TM_ILI9341_Fill	24	static
tm_stm32f4_ili9341.c:287:6:TM_ILI9341_INT_Fill	32	static
tm_stm32f4_ili9341.c:325:6:TM_ILI9341_Delay	16	static
tm_stm32f4_ili9341.c:329:6:TM_ILI9341_Rotate	16	static
tm_stm32f4_ili9341.c:352:6:TM_ILI9341_Puts	40	static
tm_stm32f4_ili9341.c:382:6:TM_ILI9341_GetStringSize	32	static
tm_stm32f4_ili9341.c:391:6:TM_ILI9341_Putc	56	static
tm_stm32f4_ili9341.c:421:6:TM_ILI9341_DrawLine	48	static
tm_stm32f4_ili9341.c:483:6:TM_ILI9341_DrawRectangle	32	static
tm_stm32f4_ili9341.c:490:6:TM_ILI9341_DrawFilledRectangle	40	static
tm_stm32f4_ili9341.c:512:6:TM_ILI9341_DrawCircle	40	static
tm_stm32f4_ili9341.c:546:6:TM_ILI9341_DrawFilledCircle	56	static
