tm_stm32f4_spi.c:30:6:TM_SPI_Init	24	static
tm_stm32f4_spi.c:64:6:TM_SPI_InitWithMode	24	static
tm_stm32f4_spi.c:98:6:TM_SPI_InitFull	24	static
tm_stm32f4_spi.c:139:10:TM_SPI_GetPrescalerFromMaxFrequency	40	static
tm_stm32f4_spi.c:186:19:TM_SPI_SetDataSize	24	static
tm_stm32f4_spi.c:208:6:TM_SPI_SendMulti	32	static
tm_stm32f4_spi.c:229:6:TM_SPI_WriteMulti	32	static
tm_stm32f4_spi.c:250:6:TM_SPI_ReadMulti	32	static
tm_stm32f4_spi.c:271:6:TM_SPI_SendMulti16	32	static
tm_stm32f4_spi.c:292:6:TM_SPI_WriteMulti16	32	static
tm_stm32f4_spi.c:313:6:TM_SPI_ReadMulti16	32	static
tm_stm32f4_spi.c:334:13:TM_SPI_InitCustomPinsCallback	16	static
tm_stm32f4_spi.c:340:13:TM_SPIx_Init	40	static
tm_stm32f4_spi.c:454:6:TM_SPI1_INT_InitPins	24	static
tm_stm32f4_spi.c:474:6:TM_SPI2_INT_InitPins	24	static
tm_stm32f4_spi.c:500:6:TM_SPI3_INT_InitPins	24	static
tm_stm32f4_spi.c:520:6:TM_SPI4_INT_InitPins	24	static
tm_stm32f4_spi.c:540:6:TM_SPI5_INT_InitPins	24	static
tm_stm32f4_spi.c:561:6:TM_SPI6_INT_InitPins	24	static
