lcd.cpp:57:6:void LCD::Delay(uint32_t)	8	static
lcd.cpp:61:6:void LCD::Command(const uint8_t&)	0	static
lcd.cpp:50:6:void LCD::CommandData(cdArgs_t)	24	static
lcd.cpp:68:6:void LCD::Data(const uint8_t&)	0	static
lcd.cpp:73:6:void LCD::Data16b(const uint16_t&)	4	static
lcd.cpp:80:6:void LCD::SetCursorPosition(uint16_t, uint16_t, uint16_t, uint16_t)	24	static
lcd.cpp:91:6:void LCD::Rotate(LCD_Orientation_t)	24	static
lcd.cpp:114:6:void LCD::ColourFill(uint16_t, uint16_t, uint16_t, uint16_t, const uint16_t&)	40	static
lcd.cpp:110:6:void LCD::ScreenFill(const uint16_t&)	16	static
lcd.cpp:3:6:void LCD::Init()	280	static
lcd.cpp:141:6:void LCD::PatternFill(uint16_t, uint16_t, uint16_t, uint16_t, const uint16_t*)	40	static
lcd.cpp:157:6:void LCD::DrawPixel(uint16_t, uint16_t, const uint16_t&)	32	static
lcd.cpp:165:6:void LCD::DrawLine(uint16_t, uint16_t, uint16_t, uint16_t, const uint32_t&)	72	static
lcd.cpp:212:6:void LCD::DrawRect(uint16_t, uint16_t, uint16_t, uint16_t, const uint32_t&)	48	static
lcd.cpp:233:6:void LCD::DrawChar(uint16_t, uint16_t, char, const FontData*, const uint32_t&, const uint32_t&)	48	static
lcd.cpp:267:6:void LCD::DrawCharMem(uint16_t, uint16_t, uint16_t, uint16_t*, char, const FontData*, const uint32_t&, const uint32_t&)	36	static
lcd.cpp:288:6:void LCD::DrawString(uint16_t, uint16_t, std::__cxx11::string, const FontData*, const uint32_t&, const uint32_t&)	56	static
lcd.cpp:296:6:void LCD::DrawStringMem(uint16_t, uint16_t, uint16_t, uint16_t*, std::__cxx11::string, const FontData*, const uint32_t&, const uint32_t&)	72	static
lcd.cpp:303:6:void LCD::SPISetDataSize(const SPIDataSize_t&)	0	static
