lcd.cpp:9:1:LCD::LCD()	8	static
lcd.cpp:67:6:void LCD::Delay(uint32_t)	8	static
lcd.cpp:254:6:void LCD::DrawCharMem(uint16_t, uint16_t, uint16_t, uint16_t*, char, const FontData*, const uint32_t&, const uint32_t&)	36	static
lcd.cpp:283:6:void LCD::DrawStringMem(uint16_t, uint16_t, uint16_t, uint16_t*, std::__cxx11::string, const FontData*, const uint32_t&, const uint32_t&)	72	static
lcd.cpp:290:6:void LCD::SPISetDataSize(const SPIDataSize_t&)	0	static
lcd.cpp:71:6:void LCD::Command(const uint8_t&)	24	static
lcd.cpp:59:6:void LCD::CommandData(std::vector<unsigned char>)	48	static
lcd.cpp:78:6:void LCD::Data(const uint8_t&)	24	static
lcd.cpp:101:6:void LCD::Rotate(LCD_Orientation_t)	24	static
lcd.cpp:83:6:void LCD::Data16b(const uint16_t&)	24	static
lcd.cpp:90:6:void LCD::SetCursorPosition(uint16_t, uint16_t, uint16_t, uint16_t)	24	static
lcd.cpp:142:6:void LCD::PatternFill(uint16_t, uint16_t, uint16_t, uint16_t, const uint16_t*)	40	static
lcd.cpp:220:6:void LCD::DrawChar(uint16_t, uint16_t, char, const FontData*, const uint32_t&, const uint32_t&)	48	static
lcd.cpp:275:6:void LCD::DrawString(uint16_t, uint16_t, std::__cxx11::string, const FontData*, const uint32_t&, const uint32_t&)	56	static
lcd.cpp:160:6:void LCD::DrawPixel(uint16_t, uint16_t, const uint16_t&)	32	static
lcd.cpp:316:6:void LCD::SPI_DMA_SendHalfWord(const uint16_t&, const uint16_t&)	12	static
lcd.cpp:124:6:void LCD::ColourFill(uint16_t, uint16_t, uint16_t, uint16_t, const uint16_t&)	40	static
lcd.cpp:120:6:void LCD::ScreenFill(const uint16_t&)	16	static
lcd.cpp:16:6:void LCD::Init()	280	static
lcd.cpp:168:6:void LCD::DrawLine(uint16_t, uint16_t, uint16_t, uint16_t, const uint32_t&)	72	static
