core_cm4.h:1467:22:void NVIC_EnableIRQ(IRQn_Type)	16	static
core_cm4.h:1550:22:void NVIC_SetPriority(IRQn_Type, uint32_t)	16	static
initialisation.h:37:6:void SystemClock_Config()	16	static
initialisation.h:85:6:void InitLCDHardware()	4	static
initialisation.h:154:6:void InitADC()	4	static
initialisation.h:214:6:void InitTimer()	8	static
lcd.h:86:7:Lcd::Lcd()	16	static
main.cpp:44:7:void TIM3_IRQHandler()	16	static
main.cpp:91:5:int main()	72	static
main.cpp:180:1:void __static_initialization_and_destruction_0(int, int)	16	static
main.cpp:180:1:cpp)	8	static
