fft.h:33:7:FFT::~FFT()	8	static
ui.h:36:7:UI::~UI()	16	static
main.cpp:76:7:void TIM3_IRQHandler()	12	static
main.cpp:186:7:void EXTI4_IRQHandler()	0	static
main.cpp:194:7:void EXTI9_5_IRQHandler()	0	static
main.cpp:210:7:void EXTI15_10_IRQHandler()	0	static
main.cpp:223:7:void TIM4_IRQHandler()	0	static
main.cpp:238:5:int main()	69560	static
stl_deque.h:658:5:std::_Deque_base<_Tp, _Alloc>::~_Deque_base() [with _Tp = unsigned char; _Alloc = std::allocator<unsigned char>]	16	static
midi.h:21:7:MIDIHandler::~MIDIHandler()	16	static
stl_deque.h:679:5:void std::_Deque_base<_Tp, _Alloc>::_M_initialize_map(std::size_t) [with _Tp = unsigned char; _Alloc = std::allocator<unsigned char>]	40	static
midi.h:21:7:MIDIHandler::MIDIHandler()	64	static
basic_string.tcc:206:7:void std::__cxx11::basic_string<_CharT, _Traits, _Alloc>::_M_construct(_InIterator, _InIterator, std::forward_iterator_tag) [with _FwdIterator = const char*; _CharT = char; _Traits = std::char_traits<char>; _Alloc = std::allocator<char>]	24	static
deque.tcc:462:7:) [with _Args = {unsigned char}; _Tp = unsigned char; _Alloc = std::allocator<unsigned char>]	32	static
main.cpp:229:7:void UART4_IRQHandler()	16	static
basic_string.tcc:206:7:void std::__cxx11::basic_string<_CharT, _Traits, _Alloc>::_M_construct(_InIterator, _InIterator, std::forward_iterator_tag) [with _FwdIterator = char*; _CharT = char; _Traits = std::char_traits<char>; _Alloc = std::allocator<char>]	24	static
ui.h:36:7:UI::UI()	360	static
main.cpp:427:1:cpp)	16	static
