cmath:1790:3:constexpr float std::round(float)	16	static
gthr-default.h:229:1:int __gthread_key_delete(__gthread_key_t)	16	static
ios_base.h:129:3:constexpr std::_Ios_Openmode std::operator|(std::_Ios_Openmode, std::_Ios_Openmode)	16	static
main.cpp:49:7:void TIM3_IRQHandler()	8	static
main.cpp:112:7:void EXTI9_5_IRQHandler()	4	static
main.cpp:128:7:void EXTI15_10_IRQHandler()	4	static
main.cpp:141:7:void TIM4_IRQHandler()	4	static
main.cpp:148:6:void DrawUI()	384	static
main.cpp:169:6:void ResetSampleAcquisition()	16	static
main.cpp:178:17:uint16_t CalcVertOffset(volatile uint16_t&, const uint16_t&)	24	static
main.cpp:182:5:int main()	80	static
stl_algobase.h:219:5:const _Tp& std::max(const _Tp&, const _Tp&) [with _Tp = int]	16	static
main.cpp:281:1:void __static_initialization_and_destruction_0(int, int)	16	static
main.cpp:281:1:cpp)	8	static
