fft.h:33:7:FFT::~FFT()	8	static
main.cpp:81:7:void TIM3_IRQHandler()	12	static
main.cpp:191:7:void EXTI9_5_IRQHandler()	0	static
main.cpp:207:7:void EXTI15_10_IRQHandler()	0	static
main.cpp:220:7:void TIM4_IRQHandler()	0	static
main.cpp:234:6:void ResetMode()	16	static
main.cpp:266:5:int main()	69568	static
stl_deque.h:658:5:std::_Deque_base<_Tp, _Alloc>::~_Deque_base() [with _Tp = unsigned char; _Alloc = std::allocator<unsigned char>]	16	static
midi.h:10:7:MIDIHandler::~MIDIHandler()	8	static
stl_deque.h:679:5:void std::_Deque_base<_Tp, _Alloc>::_M_initialize_map(std::size_t) [with _Tp = unsigned char; _Alloc = std::allocator<unsigned char>]	40	static
midi.h:10:7:MIDIHandler::MIDIHandler()	64	static
deque.tcc:462:7:) [with _Args = {unsigned char}; _Tp = unsigned char; _Alloc = std::allocator<unsigned char>]	32	static
main.cpp:226:7:void UART4_IRQHandler()	16	static
main.cpp:469:1:cpp)	16	static
