new:146:14:void* operator new(std::size_t, void*)	16	static
gthr-default.h:229:1:int __gthread_key_delete(__gthread_key_t)	16	static
main.cpp:55:7:void TIM3_IRQHandler()	24	static
main.cpp:150:7:void EXTI9_5_IRQHandler()	4	static
main.cpp:166:7:void EXTI15_10_IRQHandler()	4	static
main.cpp:179:7:void TIM4_IRQHandler()	4	static
main.cpp:186:6:void ResetMode()	16	static
main.cpp:214:17:uint16_t CalcVertOffset(volatile uint16_t&, const uint16_t&)	40	static
main.cpp:218:5:int main()	320	static
move.h:101:5:constexpr typename std::remove_reference< <template-parameter-1-1> >::type&& std::move(_Tp&&) [with _Tp = std::__cxx11::basic_string<char>&]	16	static
basic_string.h:5033:5:std::__cxx11::basic_string<_CharT, _Traits, _Alloc> std::operator+(const _CharT*, std::__cxx11::basic_string<_CharT, _Traits, _Alloc>&&) [with _CharT = char; _Traits = std::char_traits<char>; _Alloc = std::allocator<char>]	24	static
allocator.h:131:7:std::allocator< <template-parameter-1-1> >::allocator() [with _Tp = int]	16	static
allocator.h:139:7:std::allocator< <template-parameter-1-1> >::~allocator() [with _Tp = int]	16	static
stl_vector.h:279:7:std::vector<_Tp, _Alloc>::vector(std::vector<_Tp, _Alloc>::size_type, const allocator_type&) [with _Tp = int; _Alloc = std::allocator<int>]	24	static
stl_vector.h:425:7:std::vector<_Tp, _Alloc>::~vector() [with _Tp = int; _Alloc = std::allocator<int>]	24	static
allocator.h:131:7:std::allocator< <template-parameter-1-1> >::allocator() [with _Tp = std::vector<int>]	16	static
allocator.h:139:7:std::allocator< <template-parameter-1-1> >::~allocator() [with _Tp = std::vector<int>]	16	static
stl_vector.h:291:7:std::vector<_Tp, _Alloc>::vector(std::vector<_Tp, _Alloc>::size_type, const value_type&, const allocator_type&) [with _Tp = std::vector<int>; _Alloc = std::allocator<std::vector<int> >]	24	static
stl_vector.h:780:7:std::vector<_Tp, _Alloc>::reference std::vector<_Tp, _Alloc>::operator[](std::vector<_Tp, _Alloc>::size_type) [with _Tp = std::vector<int>; _Alloc = std::allocator<std::vector<int> >]	16	static
stl_vector.h:1209:7:void std::vector<_Tp, _Alloc>::clear() [with _Tp = int; _Alloc = std::allocator<int>]	16	static
move.h:101:5:constexpr typename std::remove_reference< <template-parameter-1-1> >::type&& std::move(_Tp&&) [with _Tp = int&]	16	static
stl_vector.h:932:7:void std::vector<_Tp, _Alloc>::push_back(std::vector<_Tp, _Alloc>::value_type&&) [with _Tp = int; _Alloc = std::allocator<int>]	16	static
stl_algobase.h:195:5:const _Tp& std::min(const _Tp&, const _Tp&) [with _Tp = float]	16	static
stl_algobase.h:219:5:const _Tp& std::max(const _Tp&, const _Tp&) [with _Tp = float]	16	static
array:53:7:static constexpr _Tp& std::__array_traits<_Tp, _Nm>::_S_ref(const _Tp (&)[_Nm], std::size_t) [with _Tp = short unsigned int; unsigned int _Nm = 5u]	16	static
array:181:7:std::array<_Tp, _Nm>::value_type& std::array<_Tp, _Nm>::operator[](std::array<_Tp, _Nm>::size_type) [with _Tp = short unsigned int; unsigned int _Nm = 5u]	16	static
stl_vector.h:780:7:std::vector<_Tp, _Alloc>::reference std::vector<_Tp, _Alloc>::operator[](std::vector<_Tp, _Alloc>::size_type) [with _Tp = int; _Alloc = std::allocator<int>]	16	static
stl_algobase.h:219:5:const _Tp& std::max(const _Tp&, const _Tp&) [with _Tp = int]	16	static
basic_string.h:5045:5:std::__cxx11::basic_string<_CharT, _Traits, _Alloc> std::operator+(std::__cxx11::basic_string<_CharT, _Traits, _Alloc>&&, const _CharT*) [with _CharT = char; _Traits = std::char_traits<char>; _Alloc = std::allocator<char>]	24	static
new_allocator.h:79:7:__gnu_cxx::new_allocator<_Tp>::new_allocator() [with _Tp = int]	16	static
new_allocator.h:86:7:__gnu_cxx::new_allocator<_Tp>::~new_allocator() [with _Tp = int]	16	static
stl_vector.h:79:14:std::_Vector_base<int, std::allocator<int> >::_Vector_impl::~_Vector_impl()	16	static
stl_vector.h:134:7:std::_Vector_base<_Tp, _Alloc>::_Vector_base(std::size_t, const allocator_type&) [with _Tp = int; _Alloc = std::allocator<int>]	24	static
stl_vector.h:159:7:std::_Vector_base<_Tp, _Alloc>::~_Vector_base() [with _Tp = int; _Alloc = std::allocator<int>]	16	static
stl_vector.h:1306:7:void std::vector<_Tp, _Alloc>::_M_default_initialize(std::vector<_Tp, _Alloc>::size_type) [with _Tp = int; _Alloc = std::allocator<int>]	24	static
stl_vector.h:113:7:std::_Vector_base<_Tp, _Alloc>::_Tp_alloc_type& std::_Vector_base<_Tp, _Alloc>::_M_get_Tp_allocator() [with _Tp = int; _Alloc = std::allocator<int>]	16	static
stl_construct.h:148:5:void std::_Destroy(_ForwardIterator, _ForwardIterator, std::allocator<_T2>&) [with _ForwardIterator = int*; _Tp = int]	24	static
new_allocator.h:79:7:__gnu_cxx::new_allocator<_Tp>::new_allocator() [with _Tp = std::vector<int>]	16	static
new_allocator.h:86:7:__gnu_cxx::new_allocator<_Tp>::~new_allocator() [with _Tp = std::vector<int>]	16	static
stl_vector.h:79:14:std::_Vector_base<std::vector<int>, std::allocator<std::vector<int> > >::_Vector_impl::~_Vector_impl()	16	static
stl_vector.h:134:7:std::_Vector_base<_Tp, _Alloc>::_Vector_base(std::size_t, const allocator_type&) [with _Tp = std::vector<int>; _Alloc = std::allocator<std::vector<int> >]	24	static
stl_vector.h:159:7:std::_Vector_base<_Tp, _Alloc>::~_Vector_base() [with _Tp = std::vector<int>; _Alloc = std::allocator<std::vector<int> >]	16	static
stl_vector.h:1296:7:void std::vector<_Tp, _Alloc>::_M_fill_initialize(std::vector<_Tp, _Alloc>::size_type, const value_type&) [with _Tp = std::vector<int>; _Alloc = std::allocator<std::vector<int> >]	32	static
stl_vector.h:1434:7:void std::vector<_Tp, _Alloc>::_M_erase_at_end(std::vector<_Tp, _Alloc>::pointer) [with _Tp = int; _Alloc = std::allocator<int>]	24	static
move.h:76:5:constexpr _Tp&& std::forward(typename std::remove_reference<_From>::type&) [with _Tp = int]	16	static
vector.tcc:91:7:) [with _Args = {int}; _Tp = int; _Alloc = std::allocator<int>]	24	static
stl_vector.h:90:2:std::_Vector_base<_Tp, _Alloc>::_Vector_impl::_Vector_impl(const _Tp_alloc_type&) [with _Tp = int; _Alloc = std::allocator<int>]	16	static
stl_vector.h:183:7:void std::_Vector_base<_Tp, _Alloc>::_M_create_storage(std::size_t) [with _Tp = int; _Alloc = std::allocator<int>]	16	static
stl_vector.h:174:7:void std::_Vector_base<_Tp, _Alloc>::_M_deallocate(std::_Vector_base<_Tp, _Alloc>::pointer, std::size_t) [with _Tp = int; _Alloc = std::allocator<int>]	24	static
stl_uninitialized.h:635:5:_ForwardIterator std::__uninitialized_default_n_a(_ForwardIterator, _Size, std::allocator<_Tp>&) [with _ForwardIterator = int*; _Size = unsigned int; _Tp = int]	24	static
stl_construct.h:122:5:void std::_Destroy(_ForwardIterator, _ForwardIterator) [with _ForwardIterator = int*]	16	static
stl_vector.h:90:2:std::_Vector_base<_Tp, _Alloc>::_Vector_impl::_Vector_impl(const _Tp_alloc_type&) [with _Tp = std::vector<int>; _Alloc = std::allocator<std::vector<int> >]	16	static
stl_vector.h:183:7:void std::_Vector_base<_Tp, _Alloc>::_M_create_storage(std::size_t) [with _Tp = std::vector<int>; _Alloc = std::allocator<std::vector<int> >]	16	static
stl_vector.h:174:7:void std::_Vector_base<_Tp, _Alloc>::_M_deallocate(std::_Vector_base<_Tp, _Alloc>::pointer, std::size_t) [with _Tp = std::vector<int>; _Alloc = std::allocator<std::vector<int> >]	24	static
stl_vector.h:113:7:std::_Vector_base<_Tp, _Alloc>::_Tp_alloc_type& std::_Vector_base<_Tp, _Alloc>::_M_get_Tp_allocator() [with _Tp = std::vector<int>; _Alloc = std::allocator<std::vector<int> >]	16	static
stl_uninitialized.h:356:5:_ForwardIterator std::__uninitialized_fill_n_a(_ForwardIterator, _Size, const _Tp&, std::allocator<_Tp2>&) [with _ForwardIterator = std::vector<int>*; _Size = unsigned int; _Tp = std::vector<int>; _Tp2 = std::vector<int>]	24	static
alloc_traits.h:474:2:) [with _Up = int; _Args = {int}; _Tp = int]	24	static
vector.tcc:407:7:) [with _Args = {int}; _Tp = int; _Alloc = std::allocator<int>]	40	static
allocator.h:133:7:std::allocator< <template-parameter-1-1> >::allocator(const std::allocator< <template-parameter-1-1> >&) [with _Tp = int]	16	static
stl_vector.h:167:7:std::_Vector_base<_Tp, _Alloc>::pointer std::_Vector_base<_Tp, _Alloc>::_M_allocate(std::size_t) [with _Tp = int; _Alloc = std::allocator<int>]	16	static
alloc_traits.h:461:7:static void std::allocator_traits<std::allocator<_CharT> >::deallocate(std::allocator_traits<std::allocator<_CharT> >::allocator_type&, std::allocator_traits<std::allocator<_CharT> >::pointer, std::allocator_traits<std::allocator<_CharT> >::size_type) [with _Tp = int]	24	static
stl_uninitialized.h:566:5:_ForwardIterator std::__uninitialized_default_n(_ForwardIterator, _Size) [with _ForwardIterator = int*; _Size = unsigned int]	24	static
stl_construct.h:112:9:static void std::_Destroy_aux<true>::__destroy(_ForwardIterator, _ForwardIterator) [with _ForwardIterator = int*]	16	static
allocator.h:133:7:std::allocator< <template-parameter-1-1> >::allocator(const std::allocator< <template-parameter-1-1> >&) [with _Tp = std::vector<int>]	16	static
stl_vector.h:167:7:std::_Vector_base<_Tp, _Alloc>::pointer std::_Vector_base<_Tp, _Alloc>::_M_allocate(std::size_t) [with _Tp = std::vector<int>; _Alloc = std::allocator<std::vector<int> >]	16	static
alloc_traits.h:461:7:static void std::allocator_traits<std::allocator<_CharT> >::deallocate(std::allocator_traits<std::allocator<_CharT> >::allocator_type&, std::allocator_traits<std::allocator<_CharT> >::pointer, std::allocator_traits<std::allocator<_CharT> >::size_type) [with _Tp = std::vector<int>]	24	static
stl_uninitialized.h:236:5:_ForwardIterator std::uninitialized_fill_n(_ForwardIterator, _Size, const _Tp&) [with _ForwardIterator = std::vector<int>*; _Size = unsigned int; _Tp = std::vector<int>]	32	static
new_allocator.h:119:9:) [with _Up = int; _Args = {int}; _Tp = int]	32	static
stl_vector.h:1420:7:std::vector<_Tp, _Alloc>::size_type std::vector<_Tp, _Alloc>::_M_check_len(std::vector<_Tp, _Alloc>::size_type, const char*) const [with _Tp = int; _Alloc = std::allocator<int>]	40	static
stl_vector.h:655:7:std::vector<_Tp, _Alloc>::size_type std::vector<_Tp, _Alloc>::size() const [with _Tp = int; _Alloc = std::allocator<int>]	16	static
stl_uninitialized.h:297:5:_ForwardIterator std::__uninitialized_move_if_noexcept_a(_InputIterator, _InputIterator, _ForwardIterator, _Allocator&) [with _InputIterator = int*; _ForwardIterator = int*; _Allocator = std::allocator<int>]	32	static
new_allocator.h:81:7:__gnu_cxx::new_allocator<_Tp>::new_allocator(const __gnu_cxx::new_allocator<_Tp>&) [with _Tp = int]	16	static
alloc_traits.h:435:7:static _Tp* std::allocator_traits<std::allocator<_CharT> >::allocate(std::allocator_traits<std::allocator<_CharT> >::allocator_type&, std::allocator_traits<std::allocator<_CharT> >::size_type) [with _Tp = int]	16	static
new_allocator.h:109:7:void __gnu_cxx::new_allocator<_Tp>::deallocate(__gnu_cxx::new_allocator<_Tp>::pointer, __gnu_cxx::new_allocator<_Tp>::size_type) [with _Tp = int]	24	static
stl_uninitialized.h:535:9:static _ForwardIterator std::__uninitialized_default_n_1<true>::__uninit_default_n(_ForwardIterator, _Size) [with _ForwardIterator = int*; _Size = unsigned int]	24	static
new_allocator.h:81:7:__gnu_cxx::new_allocator<_Tp>::new_allocator(const __gnu_cxx::new_allocator<_Tp>&) [with _Tp = std::vector<int>]	16	static
alloc_traits.h:435:7:static _Tp* std::allocator_traits<std::allocator<_CharT> >::allocate(std::allocator_traits<std::allocator<_CharT> >::allocator_type&, std::allocator_traits<std::allocator<_CharT> >::size_type) [with _Tp = std::vector<int>]	16	static
new_allocator.h:109:7:void __gnu_cxx::new_allocator<_Tp>::deallocate(__gnu_cxx::new_allocator<_Tp>::pointer, __gnu_cxx::new_allocator<_Tp>::size_type) [with _Tp = std::vector<int>]	24	static
stl_uninitialized.h:195:9:static _ForwardIterator std::__uninitialized_fill_n<_TrivialValueType>::__uninit_fill_n(_ForwardIterator, _Size, const _Tp&) [with _ForwardIterator = std::vector<int>*; _Size = unsigned int; _Tp = std::vector<int>; bool _TrivialValueType = false]	32	static
stl_vector.h:660:7:std::vector<_Tp, _Alloc>::size_type std::vector<_Tp, _Alloc>::max_size() const [with _Tp = int; _Alloc = std::allocator<int>]	16	static
stl_algobase.h:219:5:const _Tp& std::max(const _Tp&, const _Tp&) [with _Tp = unsigned int]	16	static
stl_iterator.h:1223:5:_ReturnType std::__make_move_if_noexcept_iterator(_Tp*) [with _Tp = int; _ReturnType = std::move_iterator<int*>]	24	static
stl_uninitialized.h:279:5:_ForwardIterator std::__uninitialized_copy_a(_InputIterator, _InputIterator, _ForwardIterator, std::allocator<_Tp>&) [with _InputIterator = std::move_iterator<int*>; _ForwardIterator = int*; _Tp = int]	24	static
new_allocator.h:99:7:_Tp* __gnu_cxx::new_allocator<_Tp>::allocate(__gnu_cxx::new_allocator<_Tp>::size_type, const void*) [with _Tp = int]	24	static
stl_algobase.h:784:5:_OI std::fill_n(_OI, _Size, const _Tp&) [with _OI = int*; _Size = unsigned int; _Tp = int]	24	static
new_allocator.h:99:7:_Tp* __gnu_cxx::new_allocator<_Tp>::allocate(__gnu_cxx::new_allocator<_Tp>::size_type, const void*) [with _Tp = std::vector<int>]	24	static
move.h:47:5:_Tp* std::__addressof(_Tp&) [with _Tp = std::vector<int>]	16	static
move.h:76:5:constexpr _Tp&& std::forward(typename std::remove_reference<_From>::type&) [with _Tp = const std::vector<int>&]	16	static
stl_construct.h:74:5:) [with _T1 = std::vector<int>; _Args = {const std::vector<int, std::allocator<int> >&}]	24	static
stl_construct.h:122:5:void std::_Destroy(_ForwardIterator, _ForwardIterator) [with _ForwardIterator = std::vector<int>*]	16	static
alloc_traits.h:495:7:static std::allocator_traits<std::allocator<_CharT> >::size_type std::allocator_traits<std::allocator<_CharT> >::max_size(const allocator_type&) [with _Tp = int]	16	static
stl_vector.h:117:7:const _Tp_alloc_type& std::_Vector_base<_Tp, _Alloc>::_M_get_Tp_allocator() const [with _Tp = int; _Alloc = std::allocator<int>]	16	static
stl_iterator.h:1032:7:std::move_iterator<_Iterator>::move_iterator(std::move_iterator<_Iterator>::iterator_type) [with _Iterator = int*]	16	static
stl_uninitialized.h:107:5:_ForwardIterator std::uninitialized_copy(_InputIterator, _InputIterator, _ForwardIterator) [with _InputIterator = std::move_iterator<int*>; _ForwardIterator = int*]	32	static
new_allocator.h:113:7:__gnu_cxx::new_allocator<_Tp>::size_type __gnu_cxx::new_allocator<_Tp>::max_size() const [with _Tp = int]	16	static
stl_algobase.h:277:5:_Iterator std::__niter_base(_Iterator) [with _Iterator = int*]	16	static
stl_algobase.h:749:5:typename __gnu_cxx::__enable_if<std::__is_scalar<_Tp>::__value, _OutputIterator>::__type std::__fill_n_a(_OutputIterator, _Size, const _Tp&) [with _OutputIterator = int*; _Size = unsigned int; _Tp = int]	32	static
new_allocator.h:113:7:__gnu_cxx::new_allocator<_Tp>::size_type __gnu_cxx::new_allocator<_Tp>::max_size() const [with _Tp = std::vector<int>]	16	static
stl_vector.h:320:7:std::vector<_Tp, _Alloc>::vector(const std::vector<_Tp, _Alloc>&) [with _Tp = int; _Alloc = std::allocator<int>]	40	static
stl_construct.h:100:9:static void std::_Destroy_aux<<anonymous> >::__destroy(_ForwardIterator, _ForwardIterator) [with _ForwardIterator = std::vector<int>*; bool <anonymous> = false]	16	static
stl_uninitialized.h:91:9:static _ForwardIterator std::__uninitialized_copy<true>::__uninit_copy(_InputIterator, _InputIterator, _ForwardIterator) [with _InputIterator = std::move_iterator<int*>; _ForwardIterator = int*]	24	static
alloc_traits.h:94:19:static _Alloc __gnu_cxx::__alloc_traits<_Alloc>::_S_select_on_copy(const _Alloc&) [with _Alloc = std::allocator<int>]	16	static
stl_vector.h:557:7:std::vector<_Tp, _Alloc>::const_iterator std::vector<_Tp, _Alloc>::begin() const [with _Tp = int; _Alloc = std::allocator<int>]	24	static
stl_vector.h:575:7:std::vector<_Tp, _Alloc>::const_iterator std::vector<_Tp, _Alloc>::end() const [with _Tp = int; _Alloc = std::allocator<int>]	24	static
stl_uninitialized.h:279:5:_ForwardIterator std::__uninitialized_copy_a(_InputIterator, _InputIterator, _ForwardIterator, std::allocator<_Tp>&) [with _InputIterator = __gnu_cxx::__normal_iterator<const int*, std::vector<int> >; _ForwardIterator = int*; _Tp = int]	24	static
stl_construct.h:92:5:void std::_Destroy(_Tp*) [with _Tp = std::vector<int>]	16	static
stl_algobase.h:446:5:_OI std::copy(_II, _II, _OI) [with _II = std::move_iterator<int*>; _OI = int*]	32	static
alloc_traits.h:504:7:static std::allocator_traits<std::allocator<_CharT> >::allocator_type std::allocator_traits<std::allocator<_CharT> >::select_on_container_copy_construction(const allocator_type&) [with _Tp = int]	16	static
stl_iterator.h:776:7:__gnu_cxx::__normal_iterator<_Iterator, _Container>::__normal_iterator(const _Iterator&) [with _Iterator = const int*; _Container = std::vector<int>]	16	static
stl_uninitialized.h:107:5:_ForwardIterator std::uninitialized_copy(_InputIterator, _InputIterator, _ForwardIterator) [with _InputIterator = __gnu_cxx::__normal_iterator<const int*, std::vector<int> >; _ForwardIterator = int*]	32	static
stl_iterator.h:1243:5:base())) std::__miter_base(std::move_iterator<_IteratorL>) [with _Iterator = int*]	16	static
stl_algobase.h:420:5:_OI std::__copy_move_a2(_II, _II, _OI) [with bool _IsMove = true; _II = int*; _OI = int*]	32	static
stl_uninitialized.h:91:9:static _ForwardIterator std::__uninitialized_copy<true>::__uninit_copy(_InputIterator, _InputIterator, _ForwardIterator) [with _InputIterator = __gnu_cxx::__normal_iterator<const int*, std::vector<int> >; _ForwardIterator = int*]	24	static
stl_iterator.h:1040:7:std::move_iterator<_Iterator>::iterator_type std::move_iterator<_Iterator>::base() const [with _Iterator = int*]	16	static
cpp_type_traits.h:408:5:_Iterator std::__miter_base(_Iterator) [with _Iterator = int*]	16	static
stl_algobase.h:375:5:_OI std::__copy_move_a(_II, _II, _OI) [with bool _IsMove = true; _II = int*; _OI = int*]	32	static
stl_algobase.h:446:5:_OI std::copy(_II, _II, _OI) [with _II = __gnu_cxx::__normal_iterator<const int*, std::vector<int> >; _OI = int*]	32	static
stl_algobase.h:357:9:static _Tp* std::__copy_move<_IsMove, true, std::random_access_iterator_tag>::__copy_m(const _Tp*, const _Tp*, _Tp*) [with _Tp = int; bool _IsMove = true]	32	static
cpp_type_traits.h:408:5:_Iterator std::__miter_base(_Iterator) [with _Iterator = __gnu_cxx::__normal_iterator<const int*, std::vector<int> >]	16	static
stl_algobase.h:420:5:_OI std::__copy_move_a2(_II, _II, _OI) [with bool _IsMove = false; _II = __gnu_cxx::__normal_iterator<const int*, std::vector<int> >; _OI = int*]	32	static
stl_iterator.h:980:5:_Iterator std::__niter_base(__gnu_cxx::__normal_iterator<_Iterator, _Container>) [with _Iterator = const int*; _Container = std::vector<int>]	16	static
stl_algobase.h:375:5:_OI std::__copy_move_a(_II, _II, _OI) [with bool _IsMove = false; _II = const int*; _OI = int*]	32	static
stl_iterator.h:841:7:const _Iterator& __gnu_cxx::__normal_iterator<_Iterator, _Container>::base() const [with _Iterator = const int*; _Container = std::vector<int>]	16	static
stl_algobase.h:357:9:static _Tp* std::__copy_move<_IsMove, true, std::random_access_iterator_tag>::__copy_m(const _Tp*, const _Tp*, _Tp*) [with _Tp = int; bool _IsMove = false]	32	static
fft.h:33:7:FFT::~FFT()	16	static
main.cpp:382:1:void __static_initialization_and_destruction_0(int, int)	40	static
stl_vector.h:425:7:std::vector<_Tp, _Alloc>::~vector() [with _Tp = std::vector<int>; _Alloc = std::allocator<std::vector<int> >]	24	static
stl_construct.h:148:5:void std::_Destroy(_ForwardIterator, _ForwardIterator, std::allocator<_T2>&) [with _ForwardIterator = std::vector<int>*; _Tp = std::vector<int>]	24	static
main.cpp:382:1:cpp)	8	static
