gthr-default.h:229:1:int __gthread_key_delete(__gthread_key_t)	16	static
main.cpp:62:7:void TIM3_IRQHandler()	16	static
main.cpp:173:7:void EXTI9_5_IRQHandler()	4	static
main.cpp:189:7:void EXTI15_10_IRQHandler()	4	static
main.cpp:202:7:void TIM4_IRQHandler()	4	static
main.cpp:209:6:void ResetMode()	16	static
main.cpp:241:17:uint16_t CalcVertOffset(volatile uint16_t&, const uint16_t&)	40	static
cmath:1802:5:constexpr typename __gnu_cxx::__enable_if<std::__is_integer<_Tp>::__value, double>::__type std::round(_Tp) [with _Tp = int]	24	static
main.cpp:249:5:int main()	416	static
move.h:101:5:constexpr typename std::remove_reference< <template-parameter-1-1> >::type&& std::move(_Tp&&) [with _Tp = std::__cxx11::basic_string<char>&]	16	static
basic_string.h:5033:5:std::__cxx11::basic_string<_CharT, _Traits, _Alloc> std::operator+(const _CharT*, std::__cxx11::basic_string<_CharT, _Traits, _Alloc>&&) [with _CharT = char; _Traits = std::char_traits<char>; _Alloc = std::allocator<char>]	24	static
stl_algobase.h:195:5:const _Tp& std::min(const _Tp&, const _Tp&) [with _Tp = float]	16	static
stl_algobase.h:219:5:const _Tp& std::max(const _Tp&, const _Tp&) [with _Tp = float]	16	static
array:53:7:static constexpr _Tp& std::__array_traits<_Tp, _Nm>::_S_ref(const _Tp (&)[_Nm], std::size_t) [with _Tp = short unsigned int; unsigned int _Nm = 5u]	16	static
array:181:7:std::array<_Tp, _Nm>::value_type& std::array<_Tp, _Nm>::operator[](std::array<_Tp, _Nm>::size_type) [with _Tp = short unsigned int; unsigned int _Nm = 5u]	16	static
basic_string.h:5045:5:std::__cxx11::basic_string<_CharT, _Traits, _Alloc> std::operator+(std::__cxx11::basic_string<_CharT, _Traits, _Alloc>&&, const _CharT*) [with _CharT = char; _Traits = std::char_traits<char>; _Alloc = std::allocator<char>]	24	static
stl_algobase.h:219:5:const _Tp& std::max(const _Tp&, const _Tp&) [with _Tp = int]	16	static
fft.h:33:7:FFT::~FFT()	16	static
main.cpp:430:1:void __static_initialization_and_destruction_0(int, int)	16	static
main.cpp:430:1:cpp)	8	static
